Archive member included to satisfy reference by file (symbol)

C:/Users/Joao/.pico-sdk/toolchain/13_3_Rel1/bin/../lib/gcc/arm-none-eabi/13.3.1/thumb/v6-m/nofp\libgcc.a(_dvmd_tls.o)
                              CMakeFiles/bmp_aht_disp.dir/C_/Users/Joao/.pico-sdk/sdk/2.1.0/src/rp2_common/pico_divider/divider_hardware.S.obj (__aeabi_idiv0)
C:/Users/Joao/.pico-sdk/toolchain/13_3_Rel1/bin/../lib/gcc/arm-none-eabi/13.3.1/thumb/v6-m/nofp\libg.a(libc_a-atof.o)
                              CMakeFiles/bmp_aht_disp.dir/bmp_aht_disp.c.obj (atof)
C:/Users/Joao/.pico-sdk/toolchain/13_3_Rel1/bin/../lib/gcc/arm-none-eabi/13.3.1/thumb/v6-m/nofp\libg.a(libc_a-atoi.o)
                              CMakeFiles/bmp_aht_disp.dir/C_/Users/Joao/.pico-sdk/sdk/2.1.0/lib/lwip/src/core/netif.c.obj (atoi)
C:/Users/Joao/.pico-sdk/toolchain/13_3_Rel1/bin/../lib/gcc/arm-none-eabi/13.3.1/thumb/v6-m/nofp\libg.a(libc_a-calloc.o)
                              CMakeFiles/bmp_aht_disp.dir/C_/Users/Joao/.pico-sdk/sdk/2.1.0/src/rp2_common/pico_malloc/malloc.c.obj (calloc)
C:/Users/Joao/.pico-sdk/toolchain/13_3_Rel1/bin/../lib/gcc/arm-none-eabi/13.3.1/thumb/v6-m/nofp\libg.a(libc_a-callocr.o)
                              C:/Users/Joao/.pico-sdk/toolchain/13_3_Rel1/bin/../lib/gcc/arm-none-eabi/13.3.1/thumb/v6-m/nofp\libg.a(libc_a-calloc.o) (_calloc_r)
C:/Users/Joao/.pico-sdk/toolchain/13_3_Rel1/bin/../lib/gcc/arm-none-eabi/13.3.1/thumb/v6-m/nofp\libg.a(libc_a-malloc.o)
                              CMakeFiles/bmp_aht_disp.dir/C_/Users/Joao/.pico-sdk/sdk/2.1.0/src/rp2_common/pico_malloc/malloc.c.obj (malloc)
C:/Users/Joao/.pico-sdk/toolchain/13_3_Rel1/bin/../lib/gcc/arm-none-eabi/13.3.1/thumb/v6-m/nofp\libg.a(libc_a-mallocr.o)
                              C:/Users/Joao/.pico-sdk/toolchain/13_3_Rel1/bin/../lib/gcc/arm-none-eabi/13.3.1/thumb/v6-m/nofp\libg.a(libc_a-callocr.o) (_malloc_r)
C:/Users/Joao/.pico-sdk/toolchain/13_3_Rel1/bin/../lib/gcc/arm-none-eabi/13.3.1/thumb/v6-m/nofp\libg.a(libc_a-mlock.o)
                              C:/Users/Joao/.pico-sdk/toolchain/13_3_Rel1/bin/../lib/gcc/arm-none-eabi/13.3.1/thumb/v6-m/nofp\libg.a(libc_a-mallocr.o) (__malloc_lock)
C:/Users/Joao/.pico-sdk/toolchain/13_3_Rel1/bin/../lib/gcc/arm-none-eabi/13.3.1/thumb/v6-m/nofp\libg.a(libc_a-realloc.o)
                              CMakeFiles/bmp_aht_disp.dir/C_/Users/Joao/.pico-sdk/sdk/2.1.0/src/rp2_common/pico_malloc/malloc.c.obj (realloc)
C:/Users/Joao/.pico-sdk/toolchain/13_3_Rel1/bin/../lib/gcc/arm-none-eabi/13.3.1/thumb/v6-m/nofp\libg.a(libc_a-reallocr.o)
                              C:/Users/Joao/.pico-sdk/toolchain/13_3_Rel1/bin/../lib/gcc/arm-none-eabi/13.3.1/thumb/v6-m/nofp\libg.a(libc_a-realloc.o) (_realloc_r)
C:/Users/Joao/.pico-sdk/toolchain/13_3_Rel1/bin/../lib/gcc/arm-none-eabi/13.3.1/thumb/v6-m/nofp\libg.a(libc_a-strtod.o)
                              C:/Users/Joao/.pico-sdk/toolchain/13_3_Rel1/bin/../lib/gcc/arm-none-eabi/13.3.1/thumb/v6-m/nofp\libg.a(libc_a-atof.o) (strtod)
C:/Users/Joao/.pico-sdk/toolchain/13_3_Rel1/bin/../lib/gcc/arm-none-eabi/13.3.1/thumb/v6-m/nofp\libg.a(libc_a-strtol.o)
                              C:/Users/Joao/.pico-sdk/toolchain/13_3_Rel1/bin/../lib/gcc/arm-none-eabi/13.3.1/thumb/v6-m/nofp\libg.a(libc_a-atoi.o) (_strtol_r)
C:/Users/Joao/.pico-sdk/toolchain/13_3_Rel1/bin/../lib/gcc/arm-none-eabi/13.3.1/thumb/v6-m/nofp\libg.a(libc_a-ctype_.o)
                              CMakeFiles/bmp_aht_disp.dir/C_/Users/Joao/.pico-sdk/sdk/2.1.0/lib/lwip/src/core/dns.c.obj (_ctype_)
C:/Users/Joao/.pico-sdk/toolchain/13_3_Rel1/bin/../lib/gcc/arm-none-eabi/13.3.1/thumb/v6-m/nofp\libg.a(libc_a-sscanf.o)
                              CMakeFiles/bmp_aht_disp.dir/bmp_aht_disp.c.obj (sscanf)
C:/Users/Joao/.pico-sdk/toolchain/13_3_Rel1/bin/../lib/gcc/arm-none-eabi/13.3.1/thumb/v6-m/nofp\libg.a(libc_a-stdio.o)
                              C:/Users/Joao/.pico-sdk/toolchain/13_3_Rel1/bin/../lib/gcc/arm-none-eabi/13.3.1/thumb/v6-m/nofp\libg.a(libc_a-sscanf.o) (__seofread)
C:/Users/Joao/.pico-sdk/toolchain/13_3_Rel1/bin/../lib/gcc/arm-none-eabi/13.3.1/thumb/v6-m/nofp\libg.a(libc_a-memcmp.o)
                              CMakeFiles/bmp_aht_disp.dir/C_/Users/Joao/.pico-sdk/sdk/2.1.0/src/rp2_common/pico_atomic/atomic.c.obj (memcmp)
C:/Users/Joao/.pico-sdk/toolchain/13_3_Rel1/bin/../lib/gcc/arm-none-eabi/13.3.1/thumb/v6-m/nofp\libg.a(libc_a-memmove.o)
                              CMakeFiles/bmp_aht_disp.dir/C_/Users/Joao/.pico-sdk/sdk/2.1.0/lib/lwip/src/core/def.c.obj (memmove)
C:/Users/Joao/.pico-sdk/toolchain/13_3_Rel1/bin/../lib/gcc/arm-none-eabi/13.3.1/thumb/v6-m/nofp\libg.a(libc_a-strchr.o)
                              CMakeFiles/bmp_aht_disp.dir/C_/Users/Joao/.pico-sdk/sdk/2.1.0/lib/lwip/src/apps/http/httpd.c.obj (strchr)
C:/Users/Joao/.pico-sdk/toolchain/13_3_Rel1/bin/../lib/gcc/arm-none-eabi/13.3.1/thumb/v6-m/nofp\libg.a(libc_a-strncmp.o)
[...]
Memory Configuration

Name             Origin             Length             Attributes
FLASH            0x10000000         0x00200000         xr
RAM              0x20000000         0x00040000         xrw
SCRATCH_X        0x20040000         0x00001000         xrw
SCRATCH_Y        0x20041000         0x00001000         xrw
*default*        0x00000000         0xffffffff

Linker script and memory map

LOAD C:/Users/Joao/.pico-sdk/toolchain/13_3_Rel1/bin/../lib/gcc/arm-none-eabi/13.3.1/thumb/v6-m/nofp/crti.o
LOAD C:/Users/Joao/.pico-sdk/toolchain/13_3_Rel1/bin/../lib/gcc/arm-none-eabi/13.3.1/thumb/v6-m/nofp/crtbegin.o
LOAD C:/Users/Joao/.pico-sdk/toolchain/13_3_Rel1/bin/../lib/gcc/arm-none-eabi/13.3.1/thumb/v6-m/nofp/crt0.o

.flash_begin    0x10000000        0x0
                0x10000000                        __flash_binary_start = .

.boot2          0x10000000      0x100
                0x10000000                        __boot2_start__ = .
 *(.boot2)
 .boot2         0x10000000      0x100 pico-sdk/src/rp2040/boot_stage2/CMakeFiles/bs2_default_library.dir/./bs2_default_padded_checksummed.S.obj
                0x10000100                        __boot2_end__ = .
                0x00000001                        ASSERT (((__boot2_end__ - __boot2_start__) == 0x100), ERROR: Pico second stage bootloader must be 256 bytes in size)

.text           0x10000100    0x1e61c
                0x10000100                        __logical_binary_start = .
 *(.vectors)
 .vectors       0x10000100       0xd4 CMakeFiles/bmp_aht_disp.dir/C_/Users/Joao/.pico-sdk/sdk/2.1.0/src/rp2_common/pico_crt0/crt0.S.obj
                0x10000100                __VECTOR_TABLE
                0x10000100                __vectors
                0x100001c0                isr_invalid
                0x100001c0                __default_isrs_start
                0x100001c2                isr_nmi
                0x100001c4                isr_hardfault
                0x100001c6                isr_svcall
                0x100001c8                isr_pendsv
                0x100001ca                isr_systick
                0x100001cc                isr_irq23
                0x100001cc                isr_irq18
                0x100001cc                isr_irq11
                0x100001cc                isr_irq28
                0x100001cc                isr_irq19
                0x100001cc                isr_irq0
                0x100001cc                isr_irq6
                0x100001cc                isr_irq5
                0x100001cc                isr_irq12
                0x100001cc                isr_irq22
                0x100001cc                isr_irq31
                0x100001cc                isr_irq17
                0x100001cc                isr_irq27
                0x100001cc                isr_irq30
                0x100001cc                isr_irq2
                0x100001cc                isr_irq10
                0x100001cc                isr_irq8
                0x100001cc                isr_irq24
                0x100001cc                isr_irq1
                0x100001cc                isr_irq7
                0x100001cc                isr_irq21
                0x100001cc                isr_irq20
                0x100001cc                isr_irq15
                0x100001cc                isr_irq25
                0x100001cc                isr_irq13
                0x100001cc                __unhandled_user_irq
                0x100001cc                isr_irq4
                0x100001cc                isr_irq16
                0x100001cc                isr_irq29
                0x100001cc                isr_irq26
                0x100001cc                __default_isrs_end
                0x100001cc                isr_irq3
                0x100001cc                isr_irq14
                0x100001cc                isr_irq9
                0x100001d2                unhandled_user_irq_num_in_r0
 *(.binary_info_header)
 .binary_info_header
                0x100001d4       0x14 CMakeFiles/bmp_aht_disp.dir/C_/Users/Joao/.pico-sdk/sdk/2.1.0/src/rp2_common/pico_crt0/crt0.S.obj
                0x100001e8                        __binary_info_header_end = .
 *(.embedded_block)
                0x100001e8                        __embedded_block_end = .
 *(.reset)
 .reset         0x100001e8       0x9c CMakeFiles/bmp_aht_disp.dir/C_/Users/Joao/.pico-sdk/sdk/2.1.0/src/rp2_common/pico_crt0/crt0.S.obj
                0x100001e8                _entry_point
 *(.init)
 .init          0x10000284        0x4 C:/Users/Joao/.pico-sdk/toolchain/13_3_Rel1/bin/../lib/gcc/arm-none-eabi/13.3.1/thumb/v6-m/nofp/crti.o
                0x10000284                _init
 *(EXCLUDE_FILE(*libm.a: *libc.a:*lib_a-mem*.o *libgcc.a:) .text*)
 .text.register_tm_clones
                0x10000288       0x28 C:/Users/Joao/.pico-sdk/toolchain/13_3_Rel1/bin/../lib/gcc/arm-none-eabi/13.3.1/thumb/v6-m/nofp/crtbegin.o
 .text.frame_dummy
                0x100002b0       0x24 C:/Users/Joao/.pico-sdk/toolchain/13_3_Rel1/bin/../lib/gcc/arm-none-eabi/13.3.1/thumb/v6-m/nofp/crtbegin.o
 .text.connection_callback
                0x100002d4       0x1c CMakeFiles/bmp_aht_disp.dir/bmp_aht_disp.c.obj
 .text.http_recv
                0x100002f0      0x4f8 CMakeFiles/bmp_aht_disp.dir/bmp_aht_disp.c.obj
 .text.gpio_callback
                0x100007e8       0x70 CMakeFiles/bmp_aht_disp.dir/bmp_aht_disp.c.obj
                0x100007e8                gpio_callback
 .text.http_sent
                0x10000858       0x60 CMakeFiles/bmp_aht_disp.dir/bmp_aht_disp.c.obj
 .text.inicia_pinos
                0x100008b8      0x20c CMakeFiles/bmp_aht_disp.dir/bmp_aht_disp.c.obj
                0x100008b8                inicia_pinos
 .text.atualiza_buzzer
                0x10000ac4       0xac CMakeFiles/bmp_aht_disp.dir/bmp_aht_disp.c.obj
                0x10000ac4                atualiza_buzzer
 .text.analise  0x10000b70      0x504 CMakeFiles/bmp_aht_disp.dir/bmp_aht_disp.c.obj
                0x10000b70                analise
 .text.startup.main
                0x10001074      0x2b4 CMakeFiles/bmp_aht_disp.dir/bmp_aht_disp.c.obj
                0x10001074                main
 .text.aht20_init
                0x10001328       0x6c CMakeFiles/bmp_aht_disp.dir/lib/aht20.c.obj
                0x10001328                aht20_init
 .text.aht20_read
                0x10001394       0xf8 CMakeFiles/bmp_aht_disp.dir/lib/aht20.c.obj
                0x10001394                aht20_read
 .text.aht20_reset
                0x1000148c       0x80 CMakeFiles/bmp_aht_disp.dir/lib/aht20.c.obj
                0x1000148c                aht20_reset
 .text.bmp280_init
                0x1000150c       0x3c CMakeFiles/bmp_aht_disp.dir/lib/bmp280.c.obj
                0x1000150c                bmp280_init
 .text.bmp280_read_raw
                0x10001548       0x58 CMakeFiles/bmp_aht_disp.dir/lib/bmp280.c.obj
                0x10001548                bmp280_read_raw
 .text.bmp280_convert_temp
                0x100015a0       0x30 CMakeFiles/bmp_aht_disp.dir/lib/bmp280.c.obj
                0x100015a0                bmp280_convert_temp
 .text.bmp280_convert_pressure
                0x100015d0       0xd8 CMakeFiles/bmp_aht_disp.dir/lib/bmp280.c.obj
                0x100015d0                bmp280_convert_pressure
 .text.bmp280_get_calib_params
                0x100016a8       0x6c CMakeFiles/bmp_aht_disp.dir/lib/bmp280.c.obj
                0x100016a8                bmp280_get_calib_params
 .text.gpio_default_irq_handler
                0x10001714      0x274 CMakeFiles/bmp_aht_disp.dir/C_/Users/Joao/.pico-sdk/sdk/2.1.0/src/rp2_common/hardware_gpio/gpio.c.obj
 .text.gpio_set_function
                0x10001988       0x34 CMakeFiles/bmp_aht_disp.dir/C_/Users/Joao/.pico-sdk/sdk/2.1.0/src/rp2_common/hardware_gpio/gpio.c.obj
                0x10001988                gpio_set_function
 .text.gpio_set_pulls
                0x100019bc       0x28 CMakeFiles/bmp_aht_disp.dir/C_/Users/Joao/.pico-sdk/sdk/2.1.0/src/rp2_common/hardware_gpio/gpio.c.obj
                0x100019bc                gpio_set_pulls
 .text.gpio_set_input_hysteresis_enabled
                0x100019e4       0x28 CMakeFiles/bmp_aht_disp.dir/C_/Users/Joao/.pico-sdk/sdk/2.1.0/src/rp2_common/hardware_gpio/gpio.c.obj
                0x100019e4                gpio_set_input_hysteresis_enabled
 .text.gpio_set_irq_enabled
                0x10001a0c       0x58 CMakeFiles/bmp_aht_disp.dir/C_/Users/Joao/.pico-sdk/sdk/2.1.0/src/rp2_common/hardware_gpio/gpio.c.obj
                0x10001a0c                gpio_set_irq_enabled
 .text.gpio_set_irq_enabled_with_callback
                0x10001a64       0xd0 CMakeFiles/bmp_aht_disp.dir/C_/Users/Joao/.pico-sdk/sdk/2.1.0/src/rp2_common/hardware_gpio/gpio.c.obj
                0x10001a64                gpio_set_irq_enabled_with_callback
 .text.gpio_add_raw_irq_handler_with_order_priority_masked
                0x10001b34       0x44 CMakeFiles/bmp_aht_disp.dir/C_/Users/Joao/.pico-sdk/sdk/2.1.0/src/rp2_common/hardware_gpio/gpio.c.obj
                0x10001b34                gpio_add_raw_irq_handler_with_order_priority_masked
 .text.gpio_remove_raw_irq_handler_masked
                0x10001b78       0x20 CMakeFiles/bmp_aht_disp.dir/C_/Users/Joao/.pico-sdk/sdk/2.1.0/src/rp2_common/hardware_gpio/gpio.c.obj
                0x10001b78                gpio_remove_raw_irq_handler_masked
 .text.gpio_init
                0x10001b98       0x40 CMakeFiles/bmp_aht_disp.dir/C_/Users/Joao/.pico-sdk/sdk/2.1.0/src/rp2_common/hardware_gpio/gpio.c.obj
                0x10001b98                gpio_init
 .text.rp2040_chip_version
                0x10001bd8        0xc CMakeFiles/bmp_aht_disp.dir/C_/Users/Joao/.pico-sdk/sdk/2.1.0/src/rp2040/pico_platform/platform.c.obj
                0x10001bd8                rp2040_chip_version
 .text.panic    0x10001be4       0x30 CMakeFiles/bmp_aht_disp.dir/C_/Users/Joao/.pico-sdk/sdk/2.1.0/src/rp2_common/pico_platform_panic/panic.c.obj
                0x10001be4                panic
 .text.hw_claim_lock
                0x10001c14       0x18 CMakeFiles/bmp_aht_disp.dir/C_/Users/Joao/.pico-sdk/sdk/2.1.0/src/common/hardware_claim/claim.c.obj
                0x10001c14                hw_claim_lock
 .text.hw_claim_unlock
                0x10001c2c       0x14 CMakeFiles/bmp_aht_disp.dir/C_/Users/Joao/.pico-sdk/sdk/2.1.0/src/common/hardware_claim/claim.c.obj
                0x10001c2c                hw_claim_unlock
 .text.hw_claim_or_assert
                0x10001c40       0x44 CMakeFiles/bmp_aht_disp.dir/C_/Users/Joao/.pico-sdk/sdk/2.1.0/src/common/hardware_claim/claim.c.obj
                0x10001c40                hw_claim_or_assert
 .text.hw_claim_unused_from_range
                0x10001c84       0x9c CMakeFiles/bmp_aht_disp.dir/C_/Users/Joao/.pico-sdk/sdk/2.1.0/src/common/hardware_claim/claim.c.obj
                0x10001c84                hw_claim_unused_from_range
 .text.hw_claim_clear
                0x10001d20       0x38 CMakeFiles/bmp_aht_disp.dir/C_/Users/Joao/.pico-sdk/sdk/2.1.0/src/common/hardware_claim/claim.c.obj
                0x10001d20                hw_claim_clear
 .text.next_striped_spin_lock_num
                0x10001d58       0x18 CMakeFiles/bmp_aht_disp.dir/C_/Users/Joao/.pico-sdk/sdk/2.1.0/src/rp2_common/hardware_sync/sync.c.obj
                0x10001d58                next_striped_spin_lock_num
 .text.spin_lock_claim_unused
                0x10001d70       0x24 CMakeFiles/bmp_aht_disp.dir/C_/Users/Joao/.pico-sdk/sdk/2.1.0/src/rp2_common/hardware_sync/sync.c.obj
                0x10001d70                spin_lock_claim_unused
 .text.spin_locks_reset
                0x10001d94       0x1c CMakeFiles/bmp_aht_disp.dir/C_/Users/Joao/.pico-sdk/sdk/2.1.0/src/rp2_common/hardware_sync_spin_lock/sync_spin_lock.c.obj
                0x10001d94                spin_locks_reset
 .text.runtime_init_per_core_irq_priorities
                0x10001db0       0x24 CMakeFiles/bmp_aht_disp.dir/C_/Users/Joao/.pico-sdk/sdk/2.1.0/src/rp2_common/hardware_irq/irq.c.obj
                0x10001db0                runtime_init_per_core_irq_priorities
 .text.irq_set_enabled
                0x10001dd4       0x24 CMakeFiles/bmp_aht_disp.dir/C_/Users/Joao/.pico-sdk/sdk/2.1.0/src/rp2_common/hardware_irq/irq.c.obj
                0x10001dd4                irq_set_enabled
 .text.irq_is_enabled
                0x10001df8       0x18 CMakeFiles/bmp_aht_disp.dir/C_/Users/Joao/.pico-sdk/sdk/2.1.0/src/rp2_common/hardware_irq/irq.c.obj
                0x10001df8                irq_is_enabled
 .text.irq_set_pending
                0x10001e10       0x10 CMakeFiles/bmp_aht_disp.dir/C_/Users/Joao/.pico-sdk/sdk/2.1.0/src/rp2_common/hardware_irq/irq.c.obj
                0x10001e10                irq_set_pending
 .text.irq_has_shared_handler
                0x10001e20       0x2c CMakeFiles/bmp_aht_disp.dir/C_/Users/Joao/.pico-sdk/sdk/2.1.0/src/rp2_common/hardware_irq/irq.c.obj
                0x10001e20                irq_has_shared_handler
 .text.irq_set_exclusive_handler
                0x10001e4c       0x54 CMakeFiles/bmp_aht_disp.dir/C_/Users/Joao/.pico-sdk/sdk/2.1.0/src/rp2_common/hardware_irq/irq.c.obj
                0x10001e4c                irq_set_exclusive_handler
 .text.irq_add_shared_handler
                0x10001ea0      0x1f4 CMakeFiles/bmp_aht_disp.dir/C_/Users/Joao/.pico-sdk/sdk/2.1.0/src/rp2_common/hardware_irq/irq.c.obj
                0x10001ea0                irq_add_shared_handler
 .text.irq_remove_handler
                0x10002094      0x1d4 CMakeFiles/bmp_aht_disp.dir/C_/Users/Joao/.pico-sdk/sdk/2.1.0/src/rp2_common/hardware_irq/irq.c.obj
                0x10002094                irq_remove_handler
 .text.irq_set_priority
                0x10002268       0x28 CMakeFiles/bmp_aht_disp.dir/C_/Users/Joao/.pico-sdk/sdk/2.1.0/src/rp2_common/hardware_irq/irq.c.obj
                0x10002268                irq_set_priority
 .text.irq_add_tail_to_free_list
                0x10002290       0xb4 CMakeFiles/bmp_aht_disp.dir/C_/Users/Joao/.pico-sdk/sdk/2.1.0/src/rp2_common/hardware_irq/irq.c.obj
                0x10002290                irq_add_tail_to_free_list
 .text.user_irq_unclaim
                0x10002344       0x14 CMakeFiles/bmp_aht_disp.dir/C_/Users/Joao/.pico-sdk/sdk/2.1.0/src/rp2_common/hardware_irq/irq.c.obj
                0x10002344                user_irq_unclaim
 .text.user_irq_claim_unused
                0x10002358       0x2c CMakeFiles/bmp_aht_disp.dir/C_/Users/Joao/.pico-sdk/sdk/2.1.0/src/rp2_common/hardware_irq/irq.c.obj
                0x10002358                user_irq_claim_unused
 .text.sem_init
                0x10002384       0x20 CMakeFiles/bmp_aht_disp.dir/C_/Users/Joao/.pico-sdk/sdk/2.1.0/src/common/pico_sync/sem.c.obj
                0x10002384                sem_init
 .text.lock_init
                0x100023a4       0x10 CMakeFiles/bmp_aht_disp.dir/C_/Users/Joao/.pico-sdk/sdk/2.1.0/src/common/pico_sync/lock_core.c.obj
                0x100023a4                lock_init
 .text.runtime_init_mutex
                0x100023b4       0x50 CMakeFiles/bmp_aht_disp.dir/C_/Users/Joao/.pico-sdk/sdk/2.1.0/src/common/pico_sync/mutex.c.obj
                0x100023b4                runtime_init_mutex
 .text.mutex_init
                0x10002404       0x1c CMakeFiles/bmp_aht_disp.dir/C_/Users/Joao/.pico-sdk/sdk/2.1.0/src/common/pico_sync/mutex.c.obj
                0x10002404                mutex_init
 .text.recursive_mutex_init
                0x10002420       0x1c CMakeFiles/bmp_aht_disp.dir/C_/Users/Joao/.pico-sdk/sdk/2.1.0/src/common/pico_sync/mutex.c.obj
                0x10002420                recursive_mutex_init
 .text.critical_section_init
                0x1000243c       0x1c CMakeFiles/bmp_aht_disp.dir/C_/Users/Joao/.pico-sdk/sdk/2.1.0/src/common/pico_sync/critical_section.c.obj
                0x1000243c                critical_section_init
 .text.critical_section_init_with_lock_num
                0x10002458       0x14 CMakeFiles/bmp_aht_disp.dir/C_/Users/Joao/.pico-sdk/sdk/2.1.0/src/common/pico_sync/critical_section.c.obj
                0x10002458                critical_section_init_with_lock_num
 .text.sleep_until_callback
                0x1000246c       0x30 CMakeFiles/bmp_aht_disp.dir/C_/Users/Joao/.pico-sdk/sdk/2.1.0/src/common/pico_time/time.c.obj
 .text.alarm_pool_irq_handler
                0x1000249c      0x2fc CMakeFiles/bmp_aht_disp.dir/C_/Users/Joao/.pico-sdk/sdk/2.1.0/src/common/pico_time/time.c.obj
 .text.runtime_init_default_alarm_pool
                0x10002798       0xdc CMakeFiles/bmp_aht_disp.dir/C_/Users/Joao/.pico-sdk/sdk/2.1.0/src/common/pico_time/time.c.obj
                0x10002798                runtime_init_default_alarm_pool
 .text.alarm_pool_get_default
                0x10002874        0x8 CMakeFiles/bmp_aht_disp.dir/C_/Users/Joao/.pico-sdk/sdk/2.1.0/src/common/pico_time/time.c.obj
                0x10002874                alarm_pool_get_default
 .text.alarm_pool_add_alarm_at
                0x1000287c       0xd4 CMakeFiles/bmp_aht_disp.dir/C_/Users/Joao/.pico-sdk/sdk/2.1.0/src/common/pico_time/time.c.obj
                0x1000287c                alarm_pool_add_alarm_at
 .text.alarm_pool_add_alarm_at_force_in_context
                0x10002950       0xb0 CMakeFiles/bmp_aht_disp.dir/C_/Users/Joao/.pico-sdk/sdk/2.1.0/src/common/pico_time/time.c.obj
                0x10002950                alarm_pool_add_alarm_at_force_in_context
 .text.alarm_pool_cancel_alarm
                0x10002a00       0x74 CMakeFiles/bmp_aht_disp.dir/C_/Users/Joao/.pico-sdk/sdk/2.1.0/src/common/pico_time/time.c.obj
                0x10002a00                alarm_pool_cancel_alarm
 .text.alarm_pool_core_num
                0x10002a74        0x4 CMakeFiles/bmp_aht_disp.dir/C_/Users/Joao/.pico-sdk/sdk/2.1.0/src/common/pico_time/time.c.obj
                0x10002a74                alarm_pool_core_num
 .text.sleep_until
                0x10002a78       0xd8 CMakeFiles/bmp_aht_disp.dir/C_/Users/Joao/.pico-sdk/sdk/2.1.0/src/common/pico_time/time.c.obj
                0x10002a78                sleep_until
 .text.sleep_ms
                0x10002b50       0x38 CMakeFiles/bmp_aht_disp.dir/C_/Users/Joao/.pico-sdk/sdk/2.1.0/src/common/pico_time/time.c.obj
                0x10002b50                sleep_ms
 .text.best_effort_wfe_or_timeout
                0x10002b88       0xe0 CMakeFiles/bmp_aht_disp.dir/C_/Users/Joao/.pico-sdk/sdk/2.1.0/src/common/pico_time/time.c.obj
                0x10002b88                best_effort_wfe_or_timeout
 .text.timer_hardware_alarm_claim
                0x10002c68       0x14 CMakeFiles/bmp_aht_disp.dir/C_/Users/Joao/.pico-sdk/sdk/2.1.0/src/rp2_common/hardware_timer/timer.c.obj
                0x10002c68                timer_hardware_alarm_claim
 .text.timer_time_us_64
                0x10002c7c       0x10 CMakeFiles/bmp_aht_disp.dir/C_/Users/Joao/.pico-sdk/sdk/2.1.0/src/rp2_common/hardware_timer/timer.c.obj
                0x10002c7c                timer_time_us_64
 .text.time_us_64
                0x10002c8c       0x14 CMakeFiles/bmp_aht_disp.dir/C_/Users/Joao/.pico-sdk/sdk/2.1.0/src/rp2_common/hardware_timer/timer.c.obj
                0x10002c8c                time_us_64
 .text.busy_wait_until
                0x10002ca0       0x20 CMakeFiles/bmp_aht_disp.dir/C_/Users/Joao/.pico-sdk/sdk/2.1.0/src/rp2_common/hardware_timer/timer.c.obj
                0x10002ca0                busy_wait_until
 .text.clock_configure_int_divider
                0x10002cc0       0xf4 CMakeFiles/bmp_aht_disp.dir/C_/Users/Joao/.pico-sdk/sdk/2.1.0/src/rp2_common/hardware_clocks/clocks.c.obj
                0x10002cc0                clock_configure_int_divider
 .text.clock_configure_undivided
                0x10002db4       0xe8 CMakeFiles/bmp_aht_disp.dir/C_/Users/Joao/.pico-sdk/sdk/2.1.0/src/rp2_common/hardware_clocks/clocks.c.obj
                0x10002db4                clock_configure_undivided
 .text.clock_get_hz
                0x10002e9c        0xc CMakeFiles/bmp_aht_disp.dir/C_/Users/Joao/.pico-sdk/sdk/2.1.0/src/rp2_common/hardware_clocks/clocks.c.obj
                0x10002e9c                clock_get_hz
 .text.pll_init
                0x10002ea8       0xa4 CMakeFiles/bmp_aht_disp.dir/C_/Users/Joao/.pico-sdk/sdk/2.1.0/src/rp2_common/hardware_pll/pll.c.obj
                0x10002ea8                pll_init
 .text.watchdog_reboot
                0x10002f4c       0x9c CMakeFiles/bmp_aht_disp.dir/C_/Users/Joao/.pico-sdk/sdk/2.1.0/src/rp2_common/hardware_watchdog/watchdog.c.obj
                0x10002f4c                watchdog_reboot
 .text.tick_start
                0x10002fe8       0x10 CMakeFiles/bmp_aht_disp.dir/C_/Users/Joao/.pico-sdk/sdk/2.1.0/src/rp2_common/hardware_ticks/ticks.c.obj
                0x10002fe8                tick_start
 .text.rom_func_lookup
                0x10002ff8       0x10 CMakeFiles/bmp_aht_disp.dir/C_/Users/Joao/.pico-sdk/sdk/2.1.0/src/rp2_common/pico_bootrom/bootrom.c.obj
                0x10002ff8                rom_func_lookup
 .text.rom_data_lookup
                0x10003008       0x10 CMakeFiles/bmp_aht_disp.dir/C_/Users/Joao/.pico-sdk/sdk/2.1.0/src/rp2_common/pico_bootrom/bootrom.c.obj
                0x10003008                rom_data_lookup
 .text.rom_funcs_lookup
                0x10003018       0x44 CMakeFiles/bmp_aht_disp.dir/C_/Users/Joao/.pico-sdk/sdk/2.1.0/src/rp2_common/pico_bootrom/bootrom.c.obj
                0x10003018                rom_funcs_lookup
 .text.rom_reset_usb_boot
                0x1000305c       0x20 CMakeFiles/bmp_aht_disp.dir/C_/Users/Joao/.pico-sdk/sdk/2.1.0/src/rp2_common/pico_bootrom/bootrom.c.obj
                0x1000305c                rom_reset_usb_boot
 .text.rom_reset_usb_boot_extra
                0x1000307c       0x28 CMakeFiles/bmp_aht_disp.dir/C_/Users/Joao/.pico-sdk/sdk/2.1.0/src/rp2_common/pico_bootrom/bootrom.c.obj
                0x1000307c                rom_reset_usb_boot_extra
 .text.xosc_init
                0x100030a4       0x28 CMakeFiles/bmp_aht_disp.dir/C_/Users/Joao/.pico-sdk/sdk/2.1.0/src/rp2_common/hardware_xosc/xosc.c.obj
                0x100030a4                xosc_init
 .text.first_per_core_initializer
                0x100030cc        0x4 CMakeFiles/bmp_aht_disp.dir/C_/Users/Joao/.pico-sdk/sdk/2.1.0/src/rp2_common/pico_runtime/runtime.c.obj
 .text.hard_assertion_failure
                0x100030d0        0xc CMakeFiles/bmp_aht_disp.dir/C_/Users/Joao/.pico-sdk/sdk/2.1.0/src/rp2_common/pico_runtime/runtime.c.obj
                0x100030d0                hard_assertion_failure
 .text.runtime_run_initializers
                0x100030dc       0x28 CMakeFiles/bmp_aht_disp.dir/C_/Users/Joao/.pico-sdk/sdk/2.1.0/src/rp2_common/pico_runtime/runtime.c.obj
                0x100030dc                runtime_run_initializers
 .text.runtime_init_early_resets
                0x10003104       0x2c CMakeFiles/bmp_aht_disp.dir/C_/Users/Joao/.pico-sdk/sdk/2.1.0/src/rp2_common/pico_runtime_init/runtime_init.c.obj
                0x10003104                runtime_init_early_resets
 .text.runtime_init_usb_power_down
                0x10003130       0x1c CMakeFiles/bmp_aht_disp.dir/C_/Users/Joao/.pico-sdk/sdk/2.1.0/src/rp2_common/pico_runtime_init/runtime_init.c.obj
                0x10003130                runtime_init_usb_power_down
 .text.runtime_init_post_clock_resets
                0x1000314c       0x20 CMakeFiles/bmp_aht_disp.dir/C_/Users/Joao/.pico-sdk/sdk/2.1.0/src/rp2_common/pico_runtime_init/runtime_init.c.obj
                0x1000314c                runtime_init_post_clock_resets
 .text.runtime_init_rp2040_gpio_ie_disable
                0x1000316c       0x14 CMakeFiles/bmp_aht_disp.dir/C_/Users/Joao/.pico-sdk/sdk/2.1.0/src/rp2_common/pico_runtime_init/runtime_init.c.obj
                0x1000316c                runtime_init_rp2040_gpio_ie_disable
 .text.runtime_init_spin_locks_reset
                0x10003180        0x8 CMakeFiles/bmp_aht_disp.dir/C_/Users/Joao/.pico-sdk/sdk/2.1.0/src/rp2_common/pico_runtime_init/runtime_init.c.obj
                0x10003180                runtime_init_spin_locks_reset
 .text.runtime_init_install_ram_vector_table
                0x10003188       0x1c CMakeFiles/bmp_aht_disp.dir/C_/Users/Joao/.pico-sdk/sdk/2.1.0/src/rp2_common/pico_runtime_init/runtime_init.c.obj
                0x10003188                runtime_init_install_ram_vector_table
 .text.runtime_init_clocks
                0x100031a4       0xd8 CMakeFiles/bmp_aht_disp.dir/C_/Users/Joao/.pico-sdk/sdk/2.1.0/src/rp2_common/pico_runtime_init/runtime_init_clocks.c.obj
                0x100031a4                runtime_init_clocks
 .text          0x1000327c       0x10 CMakeFiles/bmp_aht_disp.dir/C_/Users/Joao/.pico-sdk/sdk/2.1.0/src/rp2_common/pico_bit_ops/bit_ops_aeabi.S.obj
 .text.ctzsi    0x1000328c        0xc CMakeFiles/bmp_aht_disp.dir/C_/Users/Joao/.pico-sdk/sdk/2.1.0/src/rp2_common/pico_bit_ops/bit_ops_aeabi.S.obj
                0x1000328c                __wrap___ctzsi2
 .text.__wrap___aeabi_idiv
                0x10003298       0x50 CMakeFiles/bmp_aht_disp.dir/C_/Users/Joao/.pico-sdk/sdk/2.1.0/src/rp2_common/pico_divider/divider_hardware.S.obj
                0x10003298                __wrap___aeabi_idivmod
                0x10003298                divmod_s32s32
                0x10003298                div_s32s32
                0x10003298                __wrap___aeabi_idiv
                0x100032a0                divmod_s32s32_unsafe
                0x100032cc                divmod_s32s32_savestate
 .text.__wrap___aeabi_uidiv
                0x100032e8       0x4c CMakeFiles/bmp_aht_disp.dir/C_/Users/Joao/.pico-sdk/sdk/2.1.0/src/rp2_common/pico_divider/divider_hardware.S.obj
                0x100032e8                __wrap___aeabi_uidiv
                0x100032e8                __wrap___aeabi_uidivmod
                0x100032e8                div_u32u32
                0x100032e8                divmod_u32u32
                0x100032f0                divmod_u32u32_unsafe
                0x10003318                divmod_u32u32_savestate
 .text.__wrap___aeabi_ldiv
                0x10003334      0x424 CMakeFiles/bmp_aht_disp.dir/C_/Users/Joao/.pico-sdk/sdk/2.1.0/src/rp2_common/pico_divider/divider_hardware.S.obj
                0x10003334                div_s64s64
                0x10003334                divmod_s64s64
                0x10003334                __wrap___aeabi_ldivmod
                0x10003364                divmod_u64u64
                0x10003364                div_u64u64
                0x10003364                __wrap___aeabi_uldivmod
                0x10003374                divmod_u64u64_savestate
                0x10003394                divmod_s64s64_unsafe
                0x1000341c                divmod_u64u64_unsafe
 .text.__wrap___aeabi_darithmetic
                0x10003758       0x60 CMakeFiles/bmp_aht_disp.dir/C_/Users/Joao/.pico-sdk/sdk/2.1.0/src/rp2_common/pico_double/double_aeabi_rp2040.S.obj
                0x10003758                __wrap___aeabi_drsub
                0x1000375e                __wrap___aeabi_dsub
                0x10003768                __wrap___aeabi_dadd
                0x10003772                __wrap___aeabi_ddiv
                0x100037a6                __wrap___aeabi_dmul
 .text.__wrap___aeabi_cdcmple
                0x100037b8       0x6c CMakeFiles/bmp_aht_disp.dir/C_/Users/Joao/.pico-sdk/sdk/2.1.0/src/rp2_common/pico_double/double_aeabi_rp2040.S.obj
                0x100037b8                __wrap___aeabi_cdrcmple
                0x100037c8                __wrap___aeabi_cdcmpeq
                0x100037c8                __wrap___aeabi_cdcmple
 .text.__wrap___aeabi_dcmpeq
                0x10003824       0x10 CMakeFiles/bmp_aht_disp.dir/C_/Users/Joao/.pico-sdk/sdk/2.1.0/src/rp2_common/pico_double/double_aeabi_rp2040.S.obj
                0x10003824                __wrap___aeabi_dcmpeq
 .text.__wrap___aeabi_dcmplt
                0x10003834        0xc CMakeFiles/bmp_aht_disp.dir/C_/Users/Joao/.pico-sdk/sdk/2.1.0/src/rp2_common/pico_double/double_aeabi_rp2040.S.obj
                0x10003834                __wrap___aeabi_dcmplt
 .text.__wrap___aeabi_dcmple
                0x10003840       0x10 CMakeFiles/bmp_aht_disp.dir/C_/Users/Joao/.pico-sdk/sdk/2.1.0/src/rp2_common/pico_double/double_aeabi_rp2040.S.obj
                0x10003840                __wrap___aeabi_dcmple
 .text.__wrap___aeabi_dcmpge
                0x10003850       0x10 CMakeFiles/bmp_aht_disp.dir/C_/Users/Joao/.pico-sdk/sdk/2.1.0/src/rp2_common/pico_double/double_aeabi_rp2040.S.obj
                0x10003850                __wrap___aeabi_dcmpge
 .text.__wrap___aeabi_dcmpgt
                0x10003860        0xa CMakeFiles/bmp_aht_disp.dir/C_/Users/Joao/.pico-sdk/sdk/2.1.0/src/rp2_common/pico_double/double_aeabi_rp2040.S.obj
                0x10003860                __wrap___aeabi_dcmpgt
 .text.__wrap___aeabi_dcmpun
                0x1000386a       0x18 CMakeFiles/bmp_aht_disp.dir/C_/Users/Joao/.pico-sdk/sdk/2.1.0/src/rp2_common/pico_double/double_aeabi_rp2040.S.obj
                0x1000386a                __wrap___aeabi_dcmpun
 *fill*         0x10003882        0x2 
 .text.__wrap___aeabi_i2d
                0x10003884       0x38 CMakeFiles/bmp_aht_disp.dir/C_/Users/Joao/.pico-sdk/sdk/2.1.0/src/rp2_common/pico_double/double_aeabi_rp2040.S.obj
                0x10003884                __wrap___aeabi_ui2d
                0x1000388c                __wrap___aeabi_i2d
 .text.__wrap___aeabi_d2iz
                0x100038bc       0x48 CMakeFiles/bmp_aht_disp.dir/C_/Users/Joao/.pico-sdk/sdk/2.1.0/src/rp2_common/pico_double/double_aeabi_rp2040.S.obj
                0x100038bc                double2int_z
                0x100038bc                __wrap___aeabi_d2iz
 .text.__wrap___aeabi_d2uiz
                0x10003904       0x10 CMakeFiles/bmp_aht_disp.dir/C_/Users/Joao/.pico-sdk/sdk/2.1.0/src/rp2_common/pico_double/double_aeabi_rp2040.S.obj
                0x10003904                __wrap___aeabi_d2uiz
                0x10003904                double2uint
 .text.__wrap___aeabi_l2d
                0x10003914       0x10 CMakeFiles/bmp_aht_disp.dir/C_/Users/Joao/.pico-sdk/sdk/2.1.0/src/rp2_common/pico_double/double_aeabi_rp2040.S.obj
                0x10003914                __wrap___aeabi_l2d
 .text.__wrap___aeabi_d2lz
                0x10003924       0x26 CMakeFiles/bmp_aht_disp.dir/C_/Users/Joao/.pico-sdk/sdk/2.1.0/src/rp2_common/pico_double/double_aeabi_rp2040.S.obj
                0x10003924                double2int64_z
                0x10003924                __wrap___aeabi_d2lz
 *fill*         0x1000394a        0x2 
 .text.double2int64
                0x1000394c       0x10 CMakeFiles/bmp_aht_disp.dir/C_/Users/Joao/.pico-sdk/sdk/2.1.0/src/rp2_common/pico_double/double_aeabi_rp2040.S.obj
                0x1000394c                double2int64
 .text.double2ufix64
                0x1000395c       0x10 CMakeFiles/bmp_aht_disp.dir/C_/Users/Joao/.pico-sdk/sdk/2.1.0/src/rp2_common/pico_double/double_aeabi_rp2040.S.obj
                0x1000395c                double2ufix64
 .text.__wrap___aeabi_d2f
                0x1000396c       0x10 CMakeFiles/bmp_aht_disp.dir/C_/Users/Joao/.pico-sdk/sdk/2.1.0/src/rp2_common/pico_double/double_aeabi_rp2040.S.obj
                0x1000396c                __wrap___aeabi_d2f
 .text.__wrap_exp
                0x1000397c       0x10 CMakeFiles/bmp_aht_disp.dir/C_/Users/Joao/.pico-sdk/sdk/2.1.0/src/rp2_common/pico_double/double_aeabi_rp2040.S.obj
                0x1000397c                __wrap_exp
 .text.__wrap_log
                0x1000398c       0x10 CMakeFiles/bmp_aht_disp.dir/C_/Users/Joao/.pico-sdk/sdk/2.1.0/src/rp2_common/pico_double/double_aeabi_rp2040.S.obj
                0x1000398c                __wrap_log
 .text.missing_double_func_shim
                0x1000399c        0xc CMakeFiles/bmp_aht_disp.dir/C_/Users/Joao/.pico-sdk/sdk/2.1.0/src/rp2_common/pico_double/double_init_rom_rp2040.c.obj
 .text.__aeabi_double_init
                0x100039a8       0xa0 CMakeFiles/bmp_aht_disp.dir/C_/Users/Joao/.pico-sdk/sdk/2.1.0/src/rp2_common/pico_double/double_init_rom_rp2040.c.obj
                0x100039a8                __aeabi_double_init
 .text.dpow_1   0x10003a48      0x288 CMakeFiles/bmp_aht_disp.dir/C_/Users/Joao/.pico-sdk/sdk/2.1.0/src/rp2_common/pico_double/double_math.c.obj
 .text.dpow_int2
                0x10003cd0       0xd8 CMakeFiles/bmp_aht_disp.dir/C_/Users/Joao/.pico-sdk/sdk/2.1.0/src/rp2_common/pico_double/double_math.c.obj
 .text.dpow_0   0x10003da8      0x174 CMakeFiles/bmp_aht_disp.dir/C_/Users/Joao/.pico-sdk/sdk/2.1.0/src/rp2_common/pico_double/double_math.c.obj
 .text.__wrap_ldexp
                0x10003f1c       0x4c CMakeFiles/bmp_aht_disp.dir/C_/Users/Joao/.pico-sdk/sdk/2.1.0/src/rp2_common/pico_double/double_math.c.obj
                0x10003f1c                __wrap_ldexp
 .text.__wrap_round
                0x10003f68       0x9c CMakeFiles/bmp_aht_disp.dir/C_/Users/Joao/.pico-sdk/sdk/2.1.0/src/rp2_common/pico_double/double_math.c.obj
                0x10003f68                __wrap_round
 .text.__wrap_exp2
                0x10004004       0xbc CMakeFiles/bmp_aht_disp.dir/C_/Users/Joao/.pico-sdk/sdk/2.1.0/src/rp2_common/pico_double/double_math.c.obj
                0x10004004                __wrap_exp2
 .text.__wrap_pow
                0x100040c0      0x320 CMakeFiles/bmp_aht_disp.dir/C_/Users/Joao/.pico-sdk/sdk/2.1.0/src/rp2_common/pico_double/double_math.c.obj
                0x100040c0                __wrap_pow
 .text.double_table_shim_on_use_helper
                0x100043e0       0x2c CMakeFiles/bmp_aht_disp.dir/C_/Users/Joao/.pico-sdk/sdk/2.1.0/src/rp2_common/pico_double/double_v1_rom_shim_rp2040.S.obj
                0x100043e0                double_table_shim_on_use_helper
 .text.__aeabi_lmul
                0x1000440c       0x32 CMakeFiles/bmp_aht_disp.dir/C_/Users/Joao/.pico-sdk/sdk/2.1.0/src/rp2_common/pico_int64_ops/pico_int64_ops_aeabi.S.obj
                0x1000440c                __wrap___aeabi_lmul
 *fill*         0x1000443e        0x2 
 .text.__wrap___aeabi_farithmetic
                0x10004440       0x48 CMakeFiles/bmp_aht_disp.dir/C_/Users/Joao/.pico-sdk/sdk/2.1.0/src/rp2_common/pico_float/float_aeabi_rp2040.S.obj
                0x10004440                __wrap___aeabi_frsub
                0x10004446                __wrap___aeabi_fsub
                0x1000444c                __wrap___aeabi_fadd
                0x10004452                __wrap___aeabi_fdiv
                0x1000447a                __wrap___aeabi_fmul
 .text.__wrap___aeabi_cfcmple
                0x10004488       0x50 CMakeFiles/bmp_aht_disp.dir/C_/Users/Joao/.pico-sdk/sdk/2.1.0/src/rp2_common/pico_float/float_aeabi_rp2040.S.obj
                0x10004488                __wrap___aeabi_cfrcmple
                0x10004494                __wrap___aeabi_cfcmple
                0x10004494                __wrap___aeabi_cfcmpeq
 .text.__wrap___aeabi_fcmplt
                0x100044d8        0xc CMakeFiles/bmp_aht_disp.dir/C_/Users/Joao/.pico-sdk/sdk/2.1.0/src/rp2_common/pico_float/float_aeabi_rp2040.S.obj
                0x100044d8                __wrap___aeabi_fcmplt
 .text.__wrap___aeabi_fcmpgt
                0x100044e4        0xa CMakeFiles/bmp_aht_disp.dir/C_/Users/Joao/.pico-sdk/sdk/2.1.0/src/rp2_common/pico_float/float_aeabi_rp2040.S.obj
                0x100044e4                __wrap___aeabi_fcmpgt
 .text.__wrap___aeabi_ui2f
                0x100044ee        0xa CMakeFiles/bmp_aht_disp.dir/C_/Users/Joao/.pico-sdk/sdk/2.1.0/src/rp2_common/pico_float/float_aeabi_rp2040.S.obj
                0x100044ee                __wrap___aeabi_ui2f
                0x100044ee                uint2float
 .text.__wrap___aeabi_i2f
                0x100044f8       0x44 CMakeFiles/bmp_aht_disp.dir/C_/Users/Joao/.pico-sdk/sdk/2.1.0/src/rp2_common/pico_float/float_aeabi_rp2040.S.obj
                0x100044f8                __wrap___aeabi_i2f
                0x100044f8                int2float
 .text.__wrap___aeabi_f2uiz
                0x1000453c        0xc CMakeFiles/bmp_aht_disp.dir/C_/Users/Joao/.pico-sdk/sdk/2.1.0/src/rp2_common/pico_float/float_aeabi_rp2040.S.obj
                0x1000453c                __wrap___aeabi_f2uiz
                0x1000453c                float2uint_z
 .text.__wrap___aeabi_f2d
                0x10004548        0xc CMakeFiles/bmp_aht_disp.dir/C_/Users/Joao/.pico-sdk/sdk/2.1.0/src/rp2_common/pico_float/float_aeabi_rp2040.S.obj
                0x10004548                __wrap___aeabi_f2d
 .text.missing_float_func_shim
                0x10004554        0xc CMakeFiles/bmp_aht_disp.dir/C_/Users/Joao/.pico-sdk/sdk/2.1.0/src/rp2_common/pico_float/float_init_rom_rp2040.c.obj
 .text.__aeabi_float_init
                0x10004560       0x5c CMakeFiles/bmp_aht_disp.dir/C_/Users/Joao/.pico-sdk/sdk/2.1.0/src/rp2_common/pico_float/float_init_rom_rp2040.c.obj
                0x10004560                __aeabi_float_init
 .text.__wrap_malloc
                0x100045bc       0x24 CMakeFiles/bmp_aht_disp.dir/C_/Users/Joao/.pico-sdk/sdk/2.1.0/src/rp2_common/pico_malloc/malloc.c.obj
                0x100045bc                __wrap_malloc
 .text.__wrap_realloc
                0x100045e0       0x24 CMakeFiles/bmp_aht_disp.dir/C_/Users/Joao/.pico-sdk/sdk/2.1.0/src/rp2_common/pico_malloc/malloc.c.obj
                0x100045e0                __wrap_realloc
 .text.__wrap_free
                0x10004604        0x8 CMakeFiles/bmp_aht_disp.dir/C_/Users/Joao/.pico-sdk/sdk/2.1.0/src/rp2_common/pico_malloc/malloc.c.obj
                0x10004604                __wrap_free
 .text          0x1000460c       0x10 CMakeFiles/bmp_aht_disp.dir/C_/Users/Joao/.pico-sdk/sdk/2.1.0/src/rp2_common/pico_mem_ops/mem_ops_aeabi.S.obj
                0x1000460c                __aeabi_mem_init
 .text.memset   0x1000461c        0xc CMakeFiles/bmp_aht_disp.dir/C_/Users/Joao/.pico-sdk/sdk/2.1.0/src/rp2_common/pico_mem_ops/mem_ops_aeabi.S.obj
                0x1000461c                __wrap_memset
 .text.memcpy   0x10004628        0xc CMakeFiles/bmp_aht_disp.dir/C_/Users/Joao/.pico-sdk/sdk/2.1.0/src/rp2_common/pico_mem_ops/mem_ops_aeabi.S.obj
                0x10004628                __wrap_memcpy
                0x10004628                __wrap___aeabi_memcpy
 .text._out_buffer
                0x10004634        0x8 CMakeFiles/bmp_aht_disp.dir/C_/Users/Joao/.pico-sdk/sdk/2.1.0/src/rp2_common/pico_printf/printf.c.obj
 .text._out_null
                0x1000463c        0x4 CMakeFiles/bmp_aht_disp.dir/C_/Users/Joao/.pico-sdk/sdk/2.1.0/src/rp2_common/pico_printf/printf.c.obj
 .text._out_rev
                0x10004640       0xac CMakeFiles/bmp_aht_disp.dir/C_/Users/Joao/.pico-sdk/sdk/2.1.0/src/rp2_common/pico_printf/printf.c.obj
 .text._ntoa_format
                0x100046ec      0x250 CMakeFiles/bmp_aht_disp.dir/C_/Users/Joao/.pico-sdk/sdk/2.1.0/src/rp2_common/pico_printf/printf.c.obj
 .text._out_char
                0x1000493c       0x10 CMakeFiles/bmp_aht_disp.dir/C_/Users/Joao/.pico-sdk/sdk/2.1.0/src/rp2_common/pico_printf/printf.c.obj
 .text._out_fct
                0x1000494c       0x10 CMakeFiles/bmp_aht_disp.dir/C_/Users/Joao/.pico-sdk/sdk/2.1.0/src/rp2_common/pico_printf/printf.c.obj
 .text._etoa    0x1000495c      0x464 CMakeFiles/bmp_aht_disp.dir/C_/Users/Joao/.pico-sdk/sdk/2.1.0/src/rp2_common/pico_printf/printf.c.obj
 .text._ftoa    0x10004dc0      0x3c0 CMakeFiles/bmp_aht_disp.dir/C_/Users/Joao/.pico-sdk/sdk/2.1.0/src/rp2_common/pico_printf/printf.c.obj
 .text._vsnprintf
                0x10005180      0xbc8 CMakeFiles/bmp_aht_disp.dir/C_/Users/Joao/.pico-sdk/sdk/2.1.0/src/rp2_common/pico_printf/printf.c.obj
 .text.__wrap_sprintf
                0x10005d48       0x2c CMakeFiles/bmp_aht_disp.dir/C_/Users/Joao/.pico-sdk/sdk/2.1.0/src/rp2_common/pico_printf/printf.c.obj
                0x10005d48                __wrap_sprintf
 .text.__wrap_snprintf
                0x10005d74       0x28 CMakeFiles/bmp_aht_disp.dir/C_/Users/Joao/.pico-sdk/sdk/2.1.0/src/rp2_common/pico_printf/printf.c.obj
                0x10005d74                __wrap_snprintf
 .text.vfctprintf
                0x10005d9c       0x20 CMakeFiles/bmp_aht_disp.dir/C_/Users/Joao/.pico-sdk/sdk/2.1.0/src/rp2_common/pico_printf/printf.c.obj
                0x10005d9c                vfctprintf
 .text.weak_raw_printf
                0x10005dbc       0x40 CMakeFiles/bmp_aht_disp.dir/C_/Users/Joao/.pico-sdk/sdk/2.1.0/src/rp2_common/pico_printf/printf.c.obj
                0x10005dbc                weak_raw_printf
 .text.weak_raw_vprintf
                0x10005dfc       0x30 CMakeFiles/bmp_aht_disp.dir/C_/Users/Joao/.pico-sdk/sdk/2.1.0/src/rp2_common/pico_printf/printf.c.obj
                0x10005dfc                weak_raw_vprintf
 .text._exit    0x10005e2c        0x4 CMakeFiles/bmp_aht_disp.dir/C_/Users/Joao/.pico-sdk/sdk/2.1.0/src/rp2_common/pico_clib_interface/newlib_interface.c.obj
                0x10005e2c                _exit
 .text._sbrk    0x10005e30       0x34 CMakeFiles/bmp_aht_disp.dir/C_/Users/Joao/.pico-sdk/sdk/2.1.0/src/rp2_common/pico_clib_interface/newlib_interface.c.obj
                0x10005e30                _sbrk
 .text.exit     0x10005e64        0x8 CMakeFiles/bmp_aht_disp.dir/C_/Users/Joao/.pico-sdk/sdk/2.1.0/src/rp2_common/pico_clib_interface/newlib_interface.c.obj
                0x10005e64                exit
 .text.__assert_func
                0x10005e6c       0x38 CMakeFiles/bmp_aht_disp.dir/C_/Users/Joao/.pico-sdk/sdk/2.1.0/src/rp2_common/pico_clib_interface/newlib_interface.c.obj
                0x10005e6c                __assert_func
 .text.runtime_init
                0x10005ea4       0x2c CMakeFiles/bmp_aht_disp.dir/C_/Users/Joao/.pico-sdk/sdk/2.1.0/src/rp2_common/pico_clib_interface/newlib_interface.c.obj
                0x10005ea4                runtime_init
 .text.stdio_out_chars_no_crlf
                0x10005ed0       0x10 CMakeFiles/bmp_aht_disp.dir/C_/Users/Joao/.pico-sdk/sdk/2.1.0/src/rp2_common/pico_stdio/stdio.c.obj
 .text.stdio_out_chars_crlf
                0x10005ee0       0x94 CMakeFiles/bmp_aht_disp.dir/C_/Users/Joao/.pico-sdk/sdk/2.1.0/src/rp2_common/pico_stdio/stdio.c.obj
 .text.stdio_buffered_printer
                0x10005f74       0x64 CMakeFiles/bmp_aht_disp.dir/C_/Users/Joao/.pico-sdk/sdk/2.1.0/src/rp2_common/pico_stdio/stdio.c.obj
 .text.stdio_put_string
                0x10005fd8      0x100 CMakeFiles/bmp_aht_disp.dir/C_/Users/Joao/.pico-sdk/sdk/2.1.0/src/rp2_common/pico_stdio/stdio.c.obj
                0x10005fd8                stdio_put_string
 .text.stdio_set_driver_enabled
                0x100060d8       0x30 CMakeFiles/bmp_aht_disp.dir/C_/Users/Joao/.pico-sdk/sdk/2.1.0/src/rp2_common/pico_stdio/stdio.c.obj
                0x100060d8                stdio_set_driver_enabled
 .text.stdio_init_all
                0x10006108        0x8 CMakeFiles/bmp_aht_disp.dir/C_/Users/Joao/.pico-sdk/sdk/2.1.0/src/rp2_common/pico_stdio/stdio.c.obj
                0x10006108                stdio_init_all
 .text.__wrap_putchar
                0x10006110       0x98 CMakeFiles/bmp_aht_disp.dir/C_/Users/Joao/.pico-sdk/sdk/2.1.0/src/rp2_common/pico_stdio/stdio.c.obj
                0x10006110                __wrap_putchar
                0x10006110                stdio_putchar
 .text.__wrap_puts
                0x100061a8       0x3c CMakeFiles/bmp_aht_disp.dir/C_/Users/Joao/.pico-sdk/sdk/2.1.0/src/rp2_common/pico_stdio/stdio.c.obj
                0x100061a8                stdio_puts
                0x100061a8                __wrap_puts
 .text.__wrap_vprintf
                0x100061e4       0xd4 CMakeFiles/bmp_aht_disp.dir/C_/Users/Joao/.pico-sdk/sdk/2.1.0/src/rp2_common/pico_stdio/stdio.c.obj
                0x100061e4                stdio_vprintf
                0x100061e4                __wrap_vprintf
 .text.__wrap_printf
                0x100062b8       0x18 CMakeFiles/bmp_aht_disp.dir/C_/Users/Joao/.pico-sdk/sdk/2.1.0/src/rp2_common/pico_stdio/stdio.c.obj
                0x100062b8                __wrap_printf
                0x100062b8                stdio_printf
 .text.resetd_init
                0x100062d0        0x4 CMakeFiles/bmp_aht_disp.dir/C_/Users/Joao/.pico-sdk/sdk/2.1.0/src/rp2_common/pico_stdio_usb/reset_interface.c.obj
 .text.resetd_reset
                0x100062d4        0xc CMakeFiles/bmp_aht_disp.dir/C_/Users/Joao/.pico-sdk/sdk/2.1.0/src/rp2_common/pico_stdio_usb/reset_interface.c.obj
 .text.resetd_open
                0x100062e0       0x28 CMakeFiles/bmp_aht_disp.dir/C_/Users/Joao/.pico-sdk/sdk/2.1.0/src/rp2_common/pico_stdio_usb/reset_interface.c.obj
 .text.resetd_xfer_cb
                0x10006308        0x4 CMakeFiles/bmp_aht_disp.dir/C_/Users/Joao/.pico-sdk/sdk/2.1.0/src/rp2_common/pico_stdio_usb/reset_interface.c.obj
 .text.resetd_control_xfer_cb
                0x1000630c       0x5c CMakeFiles/bmp_aht_disp.dir/C_/Users/Joao/.pico-sdk/sdk/2.1.0/src/rp2_common/pico_stdio_usb/reset_interface.c.obj
 .text.tud_descriptor_bos_cb
                0x10006368        0x8 CMakeFiles/bmp_aht_disp.dir/C_/Users/Joao/.pico-sdk/sdk/2.1.0/src/rp2_common/pico_stdio_usb/reset_interface.c.obj
                0x10006368                tud_descriptor_bos_cb
 .text.tud_vendor_control_xfer_cb
                0x10006370       0x34 CMakeFiles/bmp_aht_disp.dir/C_/Users/Joao/.pico-sdk/sdk/2.1.0/src/rp2_common/pico_stdio_usb/reset_interface.c.obj
                0x10006370                tud_vendor_control_xfer_cb
 .text.usbd_app_driver_get_cb
                0x100063a4        0xc CMakeFiles/bmp_aht_disp.dir/C_/Users/Joao/.pico-sdk/sdk/2.1.0/src/rp2_common/pico_stdio_usb/reset_interface.c.obj
                0x100063a4                usbd_app_driver_get_cb
 .text.tud_cdc_line_coding_cb
                0x100063b0       0x2c CMakeFiles/bmp_aht_disp.dir/C_/Users/Joao/.pico-sdk/sdk/2.1.0/src/rp2_common/pico_stdio_usb/reset_interface.c.obj
                0x100063b0                tud_cdc_line_coding_cb
 .text.stdio_usb_set_chars_available_callback
                0x100063dc       0x14 CMakeFiles/bmp_aht_disp.dir/C_/Users/Joao/.pico-sdk/sdk/2.1.0/src/rp2_common/pico_stdio_usb/stdio_usb.c.obj
                0x100063dc                stdio_usb_set_chars_available_callback
 .text.usb_irq  0x100063f0       0x10 CMakeFiles/bmp_aht_disp.dir/C_/Users/Joao/.pico-sdk/sdk/2.1.0/src/rp2_common/pico_stdio_usb/stdio_usb.c.obj
 .text.timer_task
                0x10006400       0x64 CMakeFiles/bmp_aht_disp.dir/C_/Users/Joao/.pico-sdk/sdk/2.1.0/src/rp2_common/pico_stdio_usb/stdio_usb.c.obj
 .text.stdio_usb_in_chars
                0x10006464       0x90 CMakeFiles/bmp_aht_disp.dir/C_/Users/Joao/.pico-sdk/sdk/2.1.0/src/rp2_common/pico_stdio_usb/stdio_usb.c.obj
                0x10006464                stdio_usb_in_chars
 .text.stdio_usb_out_flush
                0x100064f4       0x50 CMakeFiles/bmp_aht_disp.dir/C_/Users/Joao/.pico-sdk/sdk/2.1.0/src/rp2_common/pico_stdio_usb/stdio_usb.c.obj
 .text.stdio_usb_out_chars
                0x10006544      0x104 CMakeFiles/bmp_aht_disp.dir/C_/Users/Joao/.pico-sdk/sdk/2.1.0/src/rp2_common/pico_stdio_usb/stdio_usb.c.obj
 .text.low_priority_worker_irq
                0x10006648       0xcc CMakeFiles/bmp_aht_disp.dir/C_/Users/Joao/.pico-sdk/sdk/2.1.0/src/rp2_common/pico_stdio_usb/stdio_usb.c.obj
 .text.stdio_usb_init
                0x10006714       0xe8 CMakeFiles/bmp_aht_disp.dir/C_/Users/Joao/.pico-sdk/sdk/2.1.0/src/rp2_common/pico_stdio_usb/stdio_usb.c.obj
                0x10006714                stdio_usb_init
 .text.tud_descriptor_device_cb
                0x100067fc        0x8 CMakeFiles/bmp_aht_disp.dir/C_/Users/Joao/.pico-sdk/sdk/2.1.0/src/rp2_common/pico_stdio_usb/stdio_usb_descriptors.c.obj
                0x100067fc                tud_descriptor_device_cb
 .text.tud_descriptor_configuration_cb
                0x10006804        0x8 CMakeFiles/bmp_aht_disp.dir/C_/Users/Joao/.pico-sdk/sdk/2.1.0/src/rp2_common/pico_stdio_usb/stdio_usb_descriptors.c.obj
                0x10006804                tud_descriptor_configuration_cb
 .text.tud_descriptor_string_cb
                0x1000680c       0x78 CMakeFiles/bmp_aht_disp.dir/C_/Users/Joao/.pico-sdk/sdk/2.1.0/src/rp2_common/pico_stdio_usb/stdio_usb_descriptors.c.obj
                0x1000680c                tud_descriptor_string_cb
 .text.startup._retrieve_unique_id_on_boot
                0x10006884       0x10 CMakeFiles/bmp_aht_disp.dir/C_/Users/Joao/.pico-sdk/sdk/2.1.0/src/rp2_common/pico_unique_id/unique_id.c.obj
 .text.pico_get_unique_board_id
                0x10006894       0x10 CMakeFiles/bmp_aht_disp.dir/C_/Users/Joao/.pico-sdk/sdk/2.1.0/src/rp2_common/pico_unique_id/unique_id.c.obj
                0x10006894                pico_get_unique_board_id
 .text.pico_get_unique_board_id_string
                0x100068a4      0x1a8 CMakeFiles/bmp_aht_disp.dir/C_/Users/Joao/.pico-sdk/sdk/2.1.0/src/rp2_common/pico_unique_id/unique_id.c.obj
                0x100068a4                pico_get_unique_board_id_string
 .text.flash_get_unique_id
                0x10006a4c       0x3c CMakeFiles/bmp_aht_disp.dir/C_/Users/Joao/.pico-sdk/sdk/2.1.0/src/rp2_common/hardware_flash/flash.c.obj
                0x10006a4c                flash_get_unique_id
 .text.dcd_init
                0x10006a88       0x8c CMakeFiles/bmp_aht_disp.dir/C_/Users/Joao/.pico-sdk/sdk/2.1.0/lib/tinyusb/src/portable/raspberrypi/rp2040/dcd_rp2040.c.obj
                0x10006a88                dcd_init
 .text.dcd_int_enable
                0x10006b14        0xc CMakeFiles/bmp_aht_disp.dir/C_/Users/Joao/.pico-sdk/sdk/2.1.0/lib/tinyusb/src/portable/raspberrypi/rp2040/dcd_rp2040.c.obj
                0x10006b14                dcd_int_enable
 .text.dcd_set_address
                0x10006b20       0x14 CMakeFiles/bmp_aht_disp.dir/C_/Users/Joao/.pico-sdk/sdk/2.1.0/lib/tinyusb/src/portable/raspberrypi/rp2040/dcd_rp2040.c.obj
                0x10006b20                dcd_set_address
 .text.dcd_sof_enable
                0x10006b34       0x1c CMakeFiles/bmp_aht_disp.dir/C_/Users/Joao/.pico-sdk/sdk/2.1.0/lib/tinyusb/src/portable/raspberrypi/rp2040/dcd_rp2040.c.obj
                0x10006b34                dcd_sof_enable
 .text.dcd_edpt0_status_complete
                0x10006b50       0x1c CMakeFiles/bmp_aht_disp.dir/C_/Users/Joao/.pico-sdk/sdk/2.1.0/lib/tinyusb/src/portable/raspberrypi/rp2040/dcd_rp2040.c.obj
                0x10006b50                dcd_edpt0_status_complete
 .text.dcd_edpt_open
                0x10006b6c      0x108 CMakeFiles/bmp_aht_disp.dir/C_/Users/Joao/.pico-sdk/sdk/2.1.0/lib/tinyusb/src/portable/raspberrypi/rp2040/dcd_rp2040.c.obj
                0x10006b6c                dcd_edpt_open
 .text.dcd_edpt_close_all
                0x10006c74        0x8 CMakeFiles/bmp_aht_disp.dir/C_/Users/Joao/.pico-sdk/sdk/2.1.0/lib/tinyusb/src/portable/raspberrypi/rp2040/dcd_rp2040.c.obj
                0x10006c74                dcd_edpt_close_all
 .text.dcd_edpt_xfer
                0x10006c7c       0x24 CMakeFiles/bmp_aht_disp.dir/C_/Users/Joao/.pico-sdk/sdk/2.1.0/lib/tinyusb/src/portable/raspberrypi/rp2040/dcd_rp2040.c.obj
                0x10006c7c                dcd_edpt_xfer
 .text.dcd_edpt_stall
                0x10006ca0       0x34 CMakeFiles/bmp_aht_disp.dir/C_/Users/Joao/.pico-sdk/sdk/2.1.0/lib/tinyusb/src/portable/raspberrypi/rp2040/dcd_rp2040.c.obj
                0x10006ca0                dcd_edpt_stall
 .text.dcd_edpt_clear_stall
                0x10006cd4       0x30 CMakeFiles/bmp_aht_disp.dir/C_/Users/Joao/.pico-sdk/sdk/2.1.0/lib/tinyusb/src/portable/raspberrypi/rp2040/dcd_rp2040.c.obj
                0x10006cd4                dcd_edpt_clear_stall
 .text.rp2040_usb_init
                0x10006d04       0x40 CMakeFiles/bmp_aht_disp.dir/C_/Users/Joao/.pico-sdk/sdk/2.1.0/lib/tinyusb/src/portable/raspberrypi/rp2040/rp2040_usb.c.obj
                0x10006d04                rp2040_usb_init
 .text.hw_endpoint_xfer_start
                0x10006d44       0x40 CMakeFiles/bmp_aht_disp.dir/C_/Users/Joao/.pico-sdk/sdk/2.1.0/lib/tinyusb/src/portable/raspberrypi/rp2040/rp2040_usb.c.obj
                0x10006d44                hw_endpoint_xfer_start
 .text.tud_event_hook_cb
                0x10006d84        0x4 CMakeFiles/bmp_aht_disp.dir/C_/Users/Joao/.pico-sdk/sdk/2.1.0/lib/tinyusb/src/device/usbd.c.obj
                0x10006d84                tud_event_hook_cb
 .text.tud_sof_cb
                0x10006d88        0x4 CMakeFiles/bmp_aht_disp.dir/C_/Users/Joao/.pico-sdk/sdk/2.1.0/lib/tinyusb/src/device/usbd.c.obj
                0x10006d88                tud_sof_cb
 .text.tud_descriptor_device_qualifier_cb
                0x10006d8c        0x4 CMakeFiles/bmp_aht_disp.dir/C_/Users/Joao/.pico-sdk/sdk/2.1.0/lib/tinyusb/src/device/usbd.c.obj
                0x10006d8c                tud_descriptor_device_qualifier_cb
 .text.tud_descriptor_other_speed_configuration_cb
                0x10006d90        0x4 CMakeFiles/bmp_aht_disp.dir/C_/Users/Joao/.pico-sdk/sdk/2.1.0/lib/tinyusb/src/device/usbd.c.obj
                0x10006d90                tud_descriptor_other_speed_configuration_cb
 .text.tud_mount_cb
                0x10006d94        0x4 CMakeFiles/bmp_aht_disp.dir/C_/Users/Joao/.pico-sdk/sdk/2.1.0/lib/tinyusb/src/device/usbd.c.obj
                0x10006d94                tud_mount_cb
 .text.tud_umount_cb
                0x10006d98        0x4 CMakeFiles/bmp_aht_disp.dir/C_/Users/Joao/.pico-sdk/sdk/2.1.0/lib/tinyusb/src/device/usbd.c.obj
                0x10006d98                tud_umount_cb
 .text.tud_suspend_cb
                0x10006d9c        0x4 CMakeFiles/bmp_aht_disp.dir/C_/Users/Joao/.pico-sdk/sdk/2.1.0/lib/tinyusb/src/device/usbd.c.obj
                0x10006d9c                tud_suspend_cb
 .text.tud_resume_cb
                0x10006da0        0x4 CMakeFiles/bmp_aht_disp.dir/C_/Users/Joao/.pico-sdk/sdk/2.1.0/lib/tinyusb/src/device/usbd.c.obj
                0x10006da0                tud_resume_cb
 .text.tud_mounted
                0x10006da4       0x10 CMakeFiles/bmp_aht_disp.dir/C_/Users/Joao/.pico-sdk/sdk/2.1.0/lib/tinyusb/src/device/usbd.c.obj
                0x10006da4                tud_mounted
 .text.tud_suspended
                0x10006db4       0x10 CMakeFiles/bmp_aht_disp.dir/C_/Users/Joao/.pico-sdk/sdk/2.1.0/lib/tinyusb/src/device/usbd.c.obj
                0x10006db4                tud_suspended
 .text.tud_init
                0x10006dc4       0xe4 CMakeFiles/bmp_aht_disp.dir/C_/Users/Joao/.pico-sdk/sdk/2.1.0/lib/tinyusb/src/device/usbd.c.obj
                0x10006dc4                tud_init
 .text.tud_task_ext
                0x10006ea8      0x800 CMakeFiles/bmp_aht_disp.dir/C_/Users/Joao/.pico-sdk/sdk/2.1.0/lib/tinyusb/src/device/usbd.c.obj
                0x10006ea8                tud_task_ext
 .text.usbd_open_edpt_pair
                0x100076a8       0x9c CMakeFiles/bmp_aht_disp.dir/C_/Users/Joao/.pico-sdk/sdk/2.1.0/lib/tinyusb/src/device/usbd.c.obj
                0x100076a8                usbd_open_edpt_pair
 .text.usbd_edpt_open
                0x10007744       0x34 CMakeFiles/bmp_aht_disp.dir/C_/Users/Joao/.pico-sdk/sdk/2.1.0/lib/tinyusb/src/device/usbd.c.obj
                0x10007744                usbd_edpt_open
 .text.usbd_edpt_claim
                0x10007778       0x28 CMakeFiles/bmp_aht_disp.dir/C_/Users/Joao/.pico-sdk/sdk/2.1.0/lib/tinyusb/src/device/usbd.c.obj
                0x10007778                usbd_edpt_claim
 .text.usbd_edpt_release
                0x100077a0       0x28 CMakeFiles/bmp_aht_disp.dir/C_/Users/Joao/.pico-sdk/sdk/2.1.0/lib/tinyusb/src/device/usbd.c.obj
                0x100077a0                usbd_edpt_release
 .text.usbd_edpt_xfer
                0x100077c8       0x4c CMakeFiles/bmp_aht_disp.dir/C_/Users/Joao/.pico-sdk/sdk/2.1.0/lib/tinyusb/src/device/usbd.c.obj
                0x100077c8                usbd_edpt_xfer
 .text.tud_control_status
                0x10007814       0x2c CMakeFiles/bmp_aht_disp.dir/C_/Users/Joao/.pico-sdk/sdk/2.1.0/lib/tinyusb/src/device/usbd_control.c.obj
                0x10007814                tud_control_status
 .text.tud_control_xfer
                0x10007840       0xac CMakeFiles/bmp_aht_disp.dir/C_/Users/Joao/.pico-sdk/sdk/2.1.0/lib/tinyusb/src/device/usbd_control.c.obj
                0x10007840                tud_control_xfer
 .text.usbd_control_reset
                0x100078ec       0x14 CMakeFiles/bmp_aht_disp.dir/C_/Users/Joao/.pico-sdk/sdk/2.1.0/lib/tinyusb/src/device/usbd_control.c.obj
                0x100078ec                usbd_control_reset
 .text.usbd_control_set_complete_callback
                0x10007900        0xc CMakeFiles/bmp_aht_disp.dir/C_/Users/Joao/.pico-sdk/sdk/2.1.0/lib/tinyusb/src/device/usbd_control.c.obj
                0x10007900                usbd_control_set_complete_callback
 .text.usbd_control_set_request
                0x1000790c       0x1c CMakeFiles/bmp_aht_disp.dir/C_/Users/Joao/.pico-sdk/sdk/2.1.0/lib/tinyusb/src/device/usbd_control.c.obj
                0x1000790c                usbd_control_set_request
 .text.usbd_control_xfer_cb
                0x10007928       0xec CMakeFiles/bmp_aht_disp.dir/C_/Users/Joao/.pico-sdk/sdk/2.1.0/lib/tinyusb/src/device/usbd_control.c.obj
                0x10007928                usbd_control_xfer_cb
 .text._prep_out_transaction.isra.0
                0x10007a14       0x5c CMakeFiles/bmp_aht_disp.dir/C_/Users/Joao/.pico-sdk/sdk/2.1.0/lib/tinyusb/src/class/cdc/cdc_device.c.obj
 .text.tud_cdc_n_connected
                0x10007a70       0x30 CMakeFiles/bmp_aht_disp.dir/C_/Users/Joao/.pico-sdk/sdk/2.1.0/lib/tinyusb/src/class/cdc/cdc_device.c.obj
                0x10007a70                tud_cdc_n_connected
 .text.tud_cdc_n_available
                0x10007aa0       0x18 CMakeFiles/bmp_aht_disp.dir/C_/Users/Joao/.pico-sdk/sdk/2.1.0/lib/tinyusb/src/class/cdc/cdc_device.c.obj
                0x10007aa0                tud_cdc_n_available
 .text.tud_cdc_n_read
                0x10007ab8       0x98 CMakeFiles/bmp_aht_disp.dir/C_/Users/Joao/.pico-sdk/sdk/2.1.0/lib/tinyusb/src/class/cdc/cdc_device.c.obj
                0x10007ab8                tud_cdc_n_read
 .text.tud_cdc_n_write_flush
                0x10007b50       0x78 CMakeFiles/bmp_aht_disp.dir/C_/Users/Joao/.pico-sdk/sdk/2.1.0/lib/tinyusb/src/class/cdc/cdc_device.c.obj
                0x10007b50                tud_cdc_n_write_flush
 .text.tud_cdc_n_write
                0x10007bc8       0x40 CMakeFiles/bmp_aht_disp.dir/C_/Users/Joao/.pico-sdk/sdk/2.1.0/lib/tinyusb/src/class/cdc/cdc_device.c.obj
                0x10007bc8                tud_cdc_n_write
 .text.tud_cdc_n_write_available
                0x10007c08       0x18 CMakeFiles/bmp_aht_disp.dir/C_/Users/Joao/.pico-sdk/sdk/2.1.0/lib/tinyusb/src/class/cdc/cdc_device.c.obj
                0x10007c08                tud_cdc_n_write_available
 .text.cdcd_init
                0x10007c20       0x7c CMakeFiles/bmp_aht_disp.dir/C_/Users/Joao/.pico-sdk/sdk/2.1.0/lib/tinyusb/src/class/cdc/cdc_device.c.obj
                0x10007c20                cdcd_init
 .text.cdcd_deinit
                0x10007c9c       0x34 CMakeFiles/bmp_aht_disp.dir/C_/Users/Joao/.pico-sdk/sdk/2.1.0/lib/tinyusb/src/class/cdc/cdc_device.c.obj
                0x10007c9c                cdcd_deinit
 .text.cdcd_reset
                0x10007cd0       0x4c CMakeFiles/bmp_aht_disp.dir/C_/Users/Joao/.pico-sdk/sdk/2.1.0/lib/tinyusb/src/class/cdc/cdc_device.c.obj
                0x10007cd0                cdcd_reset
 .text.cdcd_open
                0x10007d1c       0xb0 CMakeFiles/bmp_aht_disp.dir/C_/Users/Joao/.pico-sdk/sdk/2.1.0/lib/tinyusb/src/class/cdc/cdc_device.c.obj
                0x10007d1c                cdcd_open
 .text.cdcd_control_xfer_cb
                0x10007dcc       0xe4 CMakeFiles/bmp_aht_disp.dir/C_/Users/Joao/.pico-sdk/sdk/2.1.0/lib/tinyusb/src/class/cdc/cdc_device.c.obj
                0x10007dcc                cdcd_control_xfer_cb
 .text.cdcd_xfer_cb
                0x10007eb0      0x100 CMakeFiles/bmp_aht_disp.dir/C_/Users/Joao/.pico-sdk/sdk/2.1.0/lib/tinyusb/src/class/cdc/cdc_device.c.obj
                0x10007eb0                cdcd_xfer_cb
 .text.vendord_init
                0x10007fb0       0x5c CMakeFiles/bmp_aht_disp.dir/C_/Users/Joao/.pico-sdk/sdk/2.1.0/lib/tinyusb/src/class/vendor/vendor_device.c.obj
                0x10007fb0                vendord_init
 .text.vendord_deinit
                0x1000800c       0x1c CMakeFiles/bmp_aht_disp.dir/C_/Users/Joao/.pico-sdk/sdk/2.1.0/lib/tinyusb/src/class/vendor/vendor_device.c.obj
                0x1000800c                vendord_deinit
 .text.vendord_reset
                0x10008028       0x20 CMakeFiles/bmp_aht_disp.dir/C_/Users/Joao/.pico-sdk/sdk/2.1.0/lib/tinyusb/src/class/vendor/vendor_device.c.obj
                0x10008028                vendord_reset
 .text.vendord_open
                0x10008048      0x138 CMakeFiles/bmp_aht_disp.dir/C_/Users/Joao/.pico-sdk/sdk/2.1.0/lib/tinyusb/src/class/vendor/vendor_device.c.obj
                0x10008048                vendord_open
 .text.vendord_xfer_cb
                0x10008180       0x9c CMakeFiles/bmp_aht_disp.dir/C_/Users/Joao/.pico-sdk/sdk/2.1.0/lib/tinyusb/src/class/vendor/vendor_device.c.obj
                0x10008180                vendord_xfer_cb
 .text.tusb_init
                0x1000821c        0xc CMakeFiles/bmp_aht_disp.dir/C_/Users/Joao/.pico-sdk/sdk/2.1.0/lib/tinyusb/src/tusb.c.obj
                0x1000821c                tusb_init
 .text.tu_edpt_claim
                0x10008228       0x50 CMakeFiles/bmp_aht_disp.dir/C_/Users/Joao/.pico-sdk/sdk/2.1.0/lib/tinyusb/src/tusb.c.obj
                0x10008228                tu_edpt_claim
 .text.tu_edpt_release
                0x10008278       0x38 CMakeFiles/bmp_aht_disp.dir/C_/Users/Joao/.pico-sdk/sdk/2.1.0/lib/tinyusb/src/tusb.c.obj
                0x10008278                tu_edpt_release
 .text.tu_edpt_validate
                0x100082b0       0x7c CMakeFiles/bmp_aht_disp.dir/C_/Users/Joao/.pico-sdk/sdk/2.1.0/lib/tinyusb/src/tusb.c.obj
                0x100082b0                tu_edpt_validate
 .text.tu_edpt_bind_driver
                0x1000832c       0x34 CMakeFiles/bmp_aht_disp.dir/C_/Users/Joao/.pico-sdk/sdk/2.1.0/lib/tinyusb/src/tusb.c.obj
                0x1000832c                tu_edpt_bind_driver
 .text.tu_edpt_stream_init
                0x10008360       0x6c CMakeFiles/bmp_aht_disp.dir/C_/Users/Joao/.pico-sdk/sdk/2.1.0/lib/tinyusb/src/tusb.c.obj
                0x10008360                tu_edpt_stream_init
 .text.tu_edpt_stream_deinit
                0x100083cc        0x4 CMakeFiles/bmp_aht_disp.dir/C_/Users/Joao/.pico-sdk/sdk/2.1.0/lib/tinyusb/src/tusb.c.obj
                0x100083cc                tu_edpt_stream_deinit
 .text.tu_edpt_stream_write_zlp_if_needed
                0x100083d0       0x68 CMakeFiles/bmp_aht_disp.dir/C_/Users/Joao/.pico-sdk/sdk/2.1.0/lib/tinyusb/src/tusb.c.obj
                0x100083d0                tu_edpt_stream_write_zlp_if_needed
 .text.tu_edpt_stream_write_xfer
                0x10008438       0x64 CMakeFiles/bmp_aht_disp.dir/C_/Users/Joao/.pico-sdk/sdk/2.1.0/lib/tinyusb/src/tusb.c.obj
                0x10008438                tu_edpt_stream_write_xfer
 .text.tu_edpt_stream_read_xfer
                0x1000849c       0xdc CMakeFiles/bmp_aht_disp.dir/C_/Users/Joao/.pico-sdk/sdk/2.1.0/lib/tinyusb/src/tusb.c.obj
                0x1000849c                tu_edpt_stream_read_xfer
 .text.tu_fifo_config
                0x10008578       0x6c CMakeFiles/bmp_aht_disp.dir/C_/Users/Joao/.pico-sdk/sdk/2.1.0/lib/tinyusb/src/common/tusb_fifo.c.obj
                0x10008578                tu_fifo_config
 .text.tu_fifo_count
                0x100085e4       0x2c CMakeFiles/bmp_aht_disp.dir/C_/Users/Joao/.pico-sdk/sdk/2.1.0/lib/tinyusb/src/common/tusb_fifo.c.obj
                0x100085e4                tu_fifo_count
 .text.tu_fifo_empty
                0x10008610       0x10 CMakeFiles/bmp_aht_disp.dir/C_/Users/Joao/.pico-sdk/sdk/2.1.0/lib/tinyusb/src/common/tusb_fifo.c.obj
                0x10008610                tu_fifo_empty
 .text.tu_fifo_remaining
                0x10008620       0x2c CMakeFiles/bmp_aht_disp.dir/C_/Users/Joao/.pico-sdk/sdk/2.1.0/lib/tinyusb/src/common/tusb_fifo.c.obj
                0x10008620                tu_fifo_remaining
 .text.tu_fifo_read
                0x1000864c       0x9c CMakeFiles/bmp_aht_disp.dir/C_/Users/Joao/.pico-sdk/sdk/2.1.0/lib/tinyusb/src/common/tusb_fifo.c.obj
                0x1000864c                tu_fifo_read
 .text.tu_fifo_read_n
                0x100086e8       0xe8 CMakeFiles/bmp_aht_disp.dir/C_/Users/Joao/.pico-sdk/sdk/2.1.0/lib/tinyusb/src/common/tusb_fifo.c.obj
                0x100086e8                tu_fifo_read_n
 .text.tu_fifo_write
                0x100087d0       0xa8 CMakeFiles/bmp_aht_disp.dir/C_/Users/Joao/.pico-sdk/sdk/2.1.0/lib/tinyusb/src/common/tusb_fifo.c.obj
                0x100087d0                tu_fifo_write
 .text.tu_fifo_write_n
                0x10008878      0x178 CMakeFiles/bmp_aht_disp.dir/C_/Users/Joao/.pico-sdk/sdk/2.1.0/lib/tinyusb/src/common/tusb_fifo.c.obj
                0x10008878                tu_fifo_write_n
 .text.tu_fifo_clear
                0x100089f0       0x40 CMakeFiles/bmp_aht_disp.dir/C_/Users/Joao/.pico-sdk/sdk/2.1.0/lib/tinyusb/src/common/tusb_fifo.c.obj
                0x100089f0                tu_fifo_clear
 .text.tu_fifo_set_overwritable
                0x10008a30       0x48 CMakeFiles/bmp_aht_disp.dir/C_/Users/Joao/.pico-sdk/sdk/2.1.0/lib/tinyusb/src/common/tusb_fifo.c.obj
                0x10008a30                tu_fifo_set_overwritable
 .text.i2c_read_blocking_internal.constprop.0
                0x10008a78       0x98 CMakeFiles/bmp_aht_disp.dir/C_/Users/Joao/.pico-sdk/sdk/2.1.0/src/rp2_common/hardware_i2c/i2c.c.obj
 .text.i2c_write_blocking_internal.constprop.0
                0x10008b10       0xd0 CMakeFiles/bmp_aht_disp.dir/C_/Users/Joao/.pico-sdk/sdk/2.1.0/src/rp2_common/hardware_i2c/i2c.c.obj
 .text.i2c_set_baudrate
                0x10008be0       0xc0 CMakeFiles/bmp_aht_disp.dir/C_/Users/Joao/.pico-sdk/sdk/2.1.0/src/rp2_common/hardware_i2c/i2c.c.obj
                0x10008be0                i2c_set_baudrate
 .text.i2c_init
                0x10008ca0       0x50 CMakeFiles/bmp_aht_disp.dir/C_/Users/Joao/.pico-sdk/sdk/2.1.0/src/rp2_common/hardware_i2c/i2c.c.obj
                0x10008ca0                i2c_init
 .text.i2c_write_blocking
                0x10008cf0       0x14 CMakeFiles/bmp_aht_disp.dir/C_/Users/Joao/.pico-sdk/sdk/2.1.0/src/rp2_common/hardware_i2c/i2c.c.obj
                0x10008cf0                i2c_write_blocking
 .text.i2c_read_blocking
                0x10008d04       0x14 CMakeFiles/bmp_aht_disp.dir/C_/Users/Joao/.pico-sdk/sdk/2.1.0/src/rp2_common/hardware_i2c/i2c.c.obj
                0x10008d04                i2c_read_blocking
 .text.lwip_timeout_reached
                0x10008d18        0x8 CMakeFiles/bmp_aht_disp.dir/C_/Users/Joao/.pico-sdk/sdk/2.1.0/src/rp2_common/pico_lwip/lwip_nosys.c.obj
 .text.update_next_timeout
                0x10008d20       0x60 CMakeFiles/bmp_aht_disp.dir/C_/Users/Joao/.pico-sdk/sdk/2.1.0/src/rp2_common/pico_lwip/lwip_nosys.c.obj
 .text.lwip_nosys_init
                0x10008d80       0x30 CMakeFiles/bmp_aht_disp.dir/C_/Users/Joao/.pico-sdk/sdk/2.1.0/src/rp2_common/pico_lwip/lwip_nosys.c.obj
                0x10008d80                lwip_nosys_init
 .text.lwip_nosys_deinit
                0x10008db0       0x20 CMakeFiles/bmp_aht_disp.dir/C_/Users/Joao/.pico-sdk/sdk/2.1.0/src/rp2_common/pico_lwip/lwip_nosys.c.obj
                0x10008db0                lwip_nosys_deinit
 .text.sys_arch_protect
                0x10008dd0        0x4 CMakeFiles/bmp_aht_disp.dir/C_/Users/Joao/.pico-sdk/sdk/2.1.0/src/rp2_common/pico_lwip/lwip_nosys.c.obj
                0x10008dd0                sys_arch_protect
 .text.sys_arch_unprotect
                0x10008dd4        0x4 CMakeFiles/bmp_aht_disp.dir/C_/Users/Joao/.pico-sdk/sdk/2.1.0/src/rp2_common/pico_lwip/lwip_nosys.c.obj
                0x10008dd4                sys_arch_unprotect
 .text.sys_now  0x10008dd8       0x20 CMakeFiles/bmp_aht_disp.dir/C_/Users/Joao/.pico-sdk/sdk/2.1.0/src/rp2_common/pico_lwip/lwip_nosys.c.obj
                0x10008dd8                sys_now
 .text.async_context_base_add_at_time_worker
                0x10008df8       0x24 CMakeFiles/bmp_aht_disp.dir/C_/Users/Joao/.pico-sdk/sdk/2.1.0/src/rp2_common/pico_async_context/async_context_base.c.obj
                0x10008df8                async_context_base_add_at_time_worker
 .text.async_context_base_remove_at_time_worker
                0x10008e1c       0x28 CMakeFiles/bmp_aht_disp.dir/C_/Users/Joao/.pico-sdk/sdk/2.1.0/src/rp2_common/pico_async_context/async_context_base.c.obj
                0x10008e1c                async_context_base_remove_at_time_worker
 .text.async_context_base_add_when_pending_worker
                0x10008e44       0x24 CMakeFiles/bmp_aht_disp.dir/C_/Users/Joao/.pico-sdk/sdk/2.1.0/src/rp2_common/pico_async_context/async_context_base.c.obj
                0x10008e44                async_context_base_add_when_pending_worker
 .text.async_context_base_remove_when_pending_worker
                0x10008e68       0x28 CMakeFiles/bmp_aht_disp.dir/C_/Users/Joao/.pico-sdk/sdk/2.1.0/src/rp2_common/pico_async_context/async_context_base.c.obj
                0x10008e68                async_context_base_remove_when_pending_worker
 .text.async_context_base_execute_once
                0x10008e90      0x108 CMakeFiles/bmp_aht_disp.dir/C_/Users/Joao/.pico-sdk/sdk/2.1.0/src/rp2_common/pico_async_context/async_context_base.c.obj
                0x10008e90                async_context_base_execute_once
 .text.splitmix64
                0x10008f98       0x58 CMakeFiles/bmp_aht_disp.dir/C_/Users/Joao/.pico-sdk/sdk/2.1.0/src/rp2_common/pico_rand/rand.c.obj
 .text.xoroshiro128ss
                0x10008ff0       0x90 CMakeFiles/bmp_aht_disp.dir/C_/Users/Joao/.pico-sdk/sdk/2.1.0/src/rp2_common/pico_rand/rand.c.obj
 .text.get_rand_64
                0x10009080      0x4a4 CMakeFiles/bmp_aht_disp.dir/C_/Users/Joao/.pico-sdk/sdk/2.1.0/src/rp2_common/pico_rand/rand.c.obj
                0x10009080                get_rand_64
 .text.get_rand_32
                0x10009524        0x8 CMakeFiles/bmp_aht_disp.dir/C_/Users/Joao/.pico-sdk/sdk/2.1.0/src/rp2_common/pico_rand/rand.c.obj
                0x10009524                get_rand_32
 .text.lwip_init
                0x1000952c       0x24 CMakeFiles/bmp_aht_disp.dir/C_/Users/Joao/.pico-sdk/sdk/2.1.0/lib/lwip/src/core/init.c.obj
                0x1000952c                lwip_init
 .text.lwip_htons
                0x10009550        0x8 CMakeFiles/bmp_aht_disp.dir/C_/Users/Joao/.pico-sdk/sdk/2.1.0/lib/lwip/src/core/def.c.obj
                0x10009550                lwip_htons
 .text.lwip_htonl
                0x10009558        0x4 CMakeFiles/bmp_aht_disp.dir/C_/Users/Joao/.pico-sdk/sdk/2.1.0/lib/lwip/src/core/def.c.obj
                0x10009558                lwip_htonl
 .text.dns_call_found
                0x1000955c      0x184 CMakeFiles/bmp_aht_disp.dir/C_/Users/Joao/.pico-sdk/sdk/2.1.0/lib/lwip/src/core/dns.c.obj
 .text.dns_send.isra.0
                0x100096e0      0x174 CMakeFiles/bmp_aht_disp.dir/C_/Users/Joao/.pico-sdk/sdk/2.1.0/lib/lwip/src/core/dns.c.obj
 .text.dns_init
                0x10009854        0x4 CMakeFiles/bmp_aht_disp.dir/C_/Users/Joao/.pico-sdk/sdk/2.1.0/lib/lwip/src/core/dns.c.obj
                0x10009854                dns_init
 .text.dns_setserver
                0x10009858       0x24 CMakeFiles/bmp_aht_disp.dir/C_/Users/Joao/.pico-sdk/sdk/2.1.0/lib/lwip/src/core/dns.c.obj
                0x10009858                dns_setserver
 .text.dns_tmr  0x1000987c      0x140 CMakeFiles/bmp_aht_disp.dir/C_/Users/Joao/.pico-sdk/sdk/2.1.0/lib/lwip/src/core/dns.c.obj
                0x1000987c                dns_tmr
 .text.lwip_standard_chksum
                0x100099bc       0xdc CMakeFiles/bmp_aht_disp.dir/C_/Users/Joao/.pico-sdk/sdk/2.1.0/lib/lwip/src/core/inet_chksum.c.obj
                0x100099bc                lwip_standard_chksum
 .text.inet_chksum_pseudo
                0x10009a98       0xbc CMakeFiles/bmp_aht_disp.dir/C_/Users/Joao/.pico-sdk/sdk/2.1.0/lib/lwip/src/core/inet_chksum.c.obj
                0x10009a98                inet_chksum_pseudo
 .text.ip_chksum_pseudo
                0x10009b54       0x10 CMakeFiles/bmp_aht_disp.dir/C_/Users/Joao/.pico-sdk/sdk/2.1.0/lib/lwip/src/core/inet_chksum.c.obj
                0x10009b54                ip_chksum_pseudo
 .text.inet_chksum
                0x10009b64        0xc CMakeFiles/bmp_aht_disp.dir/C_/Users/Joao/.pico-sdk/sdk/2.1.0/lib/lwip/src/core/inet_chksum.c.obj
                0x10009b64                inet_chksum
 .text.inet_chksum_pbuf
                0x10009b70       0x78 CMakeFiles/bmp_aht_disp.dir/C_/Users/Joao/.pico-sdk/sdk/2.1.0/lib/lwip/src/core/inet_chksum.c.obj
                0x10009b70                inet_chksum_pbuf
 .text.mem_init
                0x10009be8       0x3c CMakeFiles/bmp_aht_disp.dir/C_/Users/Joao/.pico-sdk/sdk/2.1.0/lib/lwip/src/core/mem.c.obj
                0x10009be8                mem_init
 .text.mem_free
                0x10009c24      0x130 CMakeFiles/bmp_aht_disp.dir/C_/Users/Joao/.pico-sdk/sdk/2.1.0/lib/lwip/src/core/mem.c.obj
                0x10009c24                mem_free
 .text.mem_trim
                0x10009d54      0x104 CMakeFiles/bmp_aht_disp.dir/C_/Users/Joao/.pico-sdk/sdk/2.1.0/lib/lwip/src/core/mem.c.obj
                0x10009d54                mem_trim
 .text.mem_malloc
                0x10009e58      0x124 CMakeFiles/bmp_aht_disp.dir/C_/Users/Joao/.pico-sdk/sdk/2.1.0/lib/lwip/src/core/mem.c.obj
                0x10009e58                mem_malloc
 .text.memp_init
                0x10009f7c       0x6c CMakeFiles/bmp_aht_disp.dir/C_/Users/Joao/.pico-sdk/sdk/2.1.0/lib/lwip/src/core/memp.c.obj
                0x10009f7c                memp_init
 .text.memp_malloc
                0x10009fe8       0x40 CMakeFiles/bmp_aht_disp.dir/C_/Users/Joao/.pico-sdk/sdk/2.1.0/lib/lwip/src/core/memp.c.obj
                0x10009fe8                memp_malloc
 .text.memp_free
                0x1000a028       0x38 CMakeFiles/bmp_aht_disp.dir/C_/Users/Joao/.pico-sdk/sdk/2.1.0/lib/lwip/src/core/memp.c.obj
                0x1000a028                memp_free
 .text.netif_null_output_ip4
                0x1000a060        0x8 CMakeFiles/bmp_aht_disp.dir/C_/Users/Joao/.pico-sdk/sdk/2.1.0/lib/lwip/src/core/netif.c.obj
 .text.netif_do_set_ipaddr.isra.0
                0x1000a068       0x60 CMakeFiles/bmp_aht_disp.dir/C_/Users/Joao/.pico-sdk/sdk/2.1.0/lib/lwip/src/core/netif.c.obj
 .text.netif_init
                0x1000a0c8        0x4 CMakeFiles/bmp_aht_disp.dir/C_/Users/Joao/.pico-sdk/sdk/2.1.0/lib/lwip/src/core/netif.c.obj
                0x1000a0c8                netif_init
 .text.netif_add
                0x1000a0cc      0x16c CMakeFiles/bmp_aht_disp.dir/C_/Users/Joao/.pico-sdk/sdk/2.1.0/lib/lwip/src/core/netif.c.obj
                0x1000a0cc                netif_add
 .text.netif_set_addr
                0x1000a238       0xb4 CMakeFiles/bmp_aht_disp.dir/C_/Users/Joao/.pico-sdk/sdk/2.1.0/lib/lwip/src/core/netif.c.obj
                0x1000a238                netif_set_addr
 .text.netif_remove
                0x1000a2ec       0x94 CMakeFiles/bmp_aht_disp.dir/C_/Users/Joao/.pico-sdk/sdk/2.1.0/lib/lwip/src/core/netif.c.obj
                0x1000a2ec                netif_remove
 .text.netif_set_default
                0x1000a380        0xc CMakeFiles/bmp_aht_disp.dir/C_/Users/Joao/.pico-sdk/sdk/2.1.0/lib/lwip/src/core/netif.c.obj
                0x1000a380                netif_set_default
 .text.netif_set_up
                0x1000a38c       0x40 CMakeFiles/bmp_aht_disp.dir/C_/Users/Joao/.pico-sdk/sdk/2.1.0/lib/lwip/src/core/netif.c.obj
                0x1000a38c                netif_set_up
 .text.netif_set_link_up
                0x1000a3cc       0x44 CMakeFiles/bmp_aht_disp.dir/C_/Users/Joao/.pico-sdk/sdk/2.1.0/lib/lwip/src/core/netif.c.obj
                0x1000a3cc                netif_set_link_up
 .text.netif_set_link_down
                0x1000a410       0x20 CMakeFiles/bmp_aht_disp.dir/C_/Users/Joao/.pico-sdk/sdk/2.1.0/lib/lwip/src/core/netif.c.obj
                0x1000a410                netif_set_link_down
 .text.netif_get_by_index
                0x1000a430       0x2c CMakeFiles/bmp_aht_disp.dir/C_/Users/Joao/.pico-sdk/sdk/2.1.0/lib/lwip/src/core/netif.c.obj
                0x1000a430                netif_get_by_index
 .text.pbuf_free.part.0
                0x1000a45c       0x7c CMakeFiles/bmp_aht_disp.dir/C_/Users/Joao/.pico-sdk/sdk/2.1.0/lib/lwip/src/core/pbuf.c.obj
 .text.pbuf_free_ooseq
                0x1000a4d8       0x34 CMakeFiles/bmp_aht_disp.dir/C_/Users/Joao/.pico-sdk/sdk/2.1.0/lib/lwip/src/core/pbuf.c.obj
                0x1000a4d8                pbuf_free_ooseq
 .text.pbuf_alloc
                0x1000a50c      0x134 CMakeFiles/bmp_aht_disp.dir/C_/Users/Joao/.pico-sdk/sdk/2.1.0/lib/lwip/src/core/pbuf.c.obj
                0x1000a50c                pbuf_alloc
 .text.pbuf_realloc
                0x1000a640       0x84 CMakeFiles/bmp_aht_disp.dir/C_/Users/Joao/.pico-sdk/sdk/2.1.0/lib/lwip/src/core/pbuf.c.obj
                0x1000a640                pbuf_realloc
 .text.pbuf_add_header
                0x1000a6c4       0x50 CMakeFiles/bmp_aht_disp.dir/C_/Users/Joao/.pico-sdk/sdk/2.1.0/lib/lwip/src/core/pbuf.c.obj
                0x1000a6c4                pbuf_add_header
 .text.pbuf_remove_header
                0x1000a714       0x3c CMakeFiles/bmp_aht_disp.dir/C_/Users/Joao/.pico-sdk/sdk/2.1.0/lib/lwip/src/core/pbuf.c.obj
                0x1000a714                pbuf_remove_header
 .text.pbuf_header_force
                0x1000a750       0x68 CMakeFiles/bmp_aht_disp.dir/C_/Users/Joao/.pico-sdk/sdk/2.1.0/lib/lwip/src/core/pbuf.c.obj
                0x1000a750                pbuf_header_force
 .text.pbuf_free
                0x1000a7b8       0x18 CMakeFiles/bmp_aht_disp.dir/C_/Users/Joao/.pico-sdk/sdk/2.1.0/lib/lwip/src/core/pbuf.c.obj
                0x1000a7b8                pbuf_free
 .text.pbuf_clen
                0x1000a7d0       0x14 CMakeFiles/bmp_aht_disp.dir/C_/Users/Joao/.pico-sdk/sdk/2.1.0/lib/lwip/src/core/pbuf.c.obj
                0x1000a7d0                pbuf_clen
 .text.pbuf_ref
                0x1000a7e4       0x28 CMakeFiles/bmp_aht_disp.dir/C_/Users/Joao/.pico-sdk/sdk/2.1.0/lib/lwip/src/core/pbuf.c.obj
                0x1000a7e4                pbuf_ref
 .text.pbuf_cat
                0x1000a80c       0x44 CMakeFiles/bmp_aht_disp.dir/C_/Users/Joao/.pico-sdk/sdk/2.1.0/lib/lwip/src/core/pbuf.c.obj
                0x1000a80c                pbuf_cat
 .text.pbuf_chain
                0x1000a850       0x64 CMakeFiles/bmp_aht_disp.dir/C_/Users/Joao/.pico-sdk/sdk/2.1.0/lib/lwip/src/core/pbuf.c.obj
                0x1000a850                pbuf_chain
 .text.pbuf_copy_partial_pbuf
                0x1000a8b4      0x148 CMakeFiles/bmp_aht_disp.dir/C_/Users/Joao/.pico-sdk/sdk/2.1.0/lib/lwip/src/core/pbuf.c.obj
                0x1000a8b4                pbuf_copy_partial_pbuf
 .text.pbuf_copy
                0x1000a9fc       0x18 CMakeFiles/bmp_aht_disp.dir/C_/Users/Joao/.pico-sdk/sdk/2.1.0/lib/lwip/src/core/pbuf.c.obj
                0x1000a9fc                pbuf_copy
 .text.pbuf_copy_partial
                0x1000aa14       0x68 CMakeFiles/bmp_aht_disp.dir/C_/Users/Joao/.pico-sdk/sdk/2.1.0/lib/lwip/src/core/pbuf.c.obj
                0x1000aa14                pbuf_copy_partial
 .text.pbuf_take
                0x1000aa7c       0x78 CMakeFiles/bmp_aht_disp.dir/C_/Users/Joao/.pico-sdk/sdk/2.1.0/lib/lwip/src/core/pbuf.c.obj
                0x1000aa7c                pbuf_take
 .text.pbuf_take_at
                0x1000aaf4       0xcc CMakeFiles/bmp_aht_disp.dir/C_/Users/Joao/.pico-sdk/sdk/2.1.0/lib/lwip/src/core/pbuf.c.obj
                0x1000aaf4                pbuf_take_at
 .text.pbuf_clone
                0x1000abc0       0x30 CMakeFiles/bmp_aht_disp.dir/C_/Users/Joao/.pico-sdk/sdk/2.1.0/lib/lwip/src/core/pbuf.c.obj
                0x1000abc0                pbuf_clone
 .text.pbuf_put_at
                0x1000abf0       0x1c CMakeFiles/bmp_aht_disp.dir/C_/Users/Joao/.pico-sdk/sdk/2.1.0/lib/lwip/src/core/pbuf.c.obj
                0x1000abf0                pbuf_put_at
 .text.raw_input
                0x1000ac0c      0x164 CMakeFiles/bmp_aht_disp.dir/C_/Users/Joao/.pico-sdk/sdk/2.1.0/lib/lwip/src/core/raw.c.obj
                0x1000ac0c                raw_input
 .text.raw_netif_ip_addr_changed
                0x1000ad70       0x40 CMakeFiles/bmp_aht_disp.dir/C_/Users/Joao/.pico-sdk/sdk/2.1.0/lib/lwip/src/core/raw.c.obj
                0x1000ad70                raw_netif_ip_addr_changed
 .text.stats_init
                0x1000adb0        0x4 CMakeFiles/bmp_aht_disp.dir/C_/Users/Joao/.pico-sdk/sdk/2.1.0/lib/lwip/src/core/stats.c.obj
                0x1000adb0                stats_init
 .text.tcp_close_shutdown_fin
                0x1000adb4       0x54 CMakeFiles/bmp_aht_disp.dir/C_/Users/Joao/.pico-sdk/sdk/2.1.0/lib/lwip/src/core/tcp.c.obj
 .text.tcp_pcb_purge.part.0
                0x1000ae08       0xc4 CMakeFiles/bmp_aht_disp.dir/C_/Users/Joao/.pico-sdk/sdk/2.1.0/lib/lwip/src/core/tcp.c.obj
 .text.tcp_init
                0x1000aecc       0x20 CMakeFiles/bmp_aht_disp.dir/C_/Users/Joao/.pico-sdk/sdk/2.1.0/lib/lwip/src/core/tcp.c.obj
                0x1000aecc                tcp_init
 .text.tcp_free
                0x1000aeec       0x1c CMakeFiles/bmp_aht_disp.dir/C_/Users/Joao/.pico-sdk/sdk/2.1.0/lib/lwip/src/core/tcp.c.obj
                0x1000aeec                tcp_free
 .text.tcp_bind
                0x1000af08       0xf4 CMakeFiles/bmp_aht_disp.dir/C_/Users/Joao/.pico-sdk/sdk/2.1.0/lib/lwip/src/core/tcp.c.obj
                0x1000af08                tcp_bind
 .text.tcp_listen_with_backlog
                0x1000affc       0x98 CMakeFiles/bmp_aht_disp.dir/C_/Users/Joao/.pico-sdk/sdk/2.1.0/lib/lwip/src/core/tcp.c.obj
                0x1000affc                tcp_listen_with_backlog
 .text.tcp_update_rcv_ann_wnd
                0x1000b094       0x58 CMakeFiles/bmp_aht_disp.dir/C_/Users/Joao/.pico-sdk/sdk/2.1.0/lib/lwip/src/core/tcp.c.obj
                0x1000b094                tcp_update_rcv_ann_wnd
 .text.tcp_recved
                0x1000b0ec       0x98 CMakeFiles/bmp_aht_disp.dir/C_/Users/Joao/.pico-sdk/sdk/2.1.0/lib/lwip/src/core/tcp.c.obj
                0x1000b0ec                tcp_recved
 .text.tcp_slowtmr
                0x1000b184      0x524 CMakeFiles/bmp_aht_disp.dir/C_/Users/Joao/.pico-sdk/sdk/2.1.0/lib/lwip/src/core/tcp.c.obj
                0x1000b184                tcp_slowtmr
 .text.tcp_segs_free
                0x1000b6a8       0x38 CMakeFiles/bmp_aht_disp.dir/C_/Users/Joao/.pico-sdk/sdk/2.1.0/lib/lwip/src/core/tcp.c.obj
                0x1000b6a8                tcp_segs_free
 .text.tcp_seg_free
                0x1000b6e0       0x1c CMakeFiles/bmp_aht_disp.dir/C_/Users/Joao/.pico-sdk/sdk/2.1.0/lib/lwip/src/core/tcp.c.obj
                0x1000b6e0                tcp_seg_free
 .text.tcp_seg_copy
                0x1000b6fc       0x2c CMakeFiles/bmp_aht_disp.dir/C_/Users/Joao/.pico-sdk/sdk/2.1.0/lib/lwip/src/core/tcp.c.obj
                0x1000b6fc                tcp_seg_copy
 .text.tcp_arg  0x1000b728        0x8 CMakeFiles/bmp_aht_disp.dir/C_/Users/Joao/.pico-sdk/sdk/2.1.0/lib/lwip/src/core/tcp.c.obj
                0x1000b728                tcp_arg
 .text.tcp_recv
                0x1000b730       0x1c CMakeFiles/bmp_aht_disp.dir/C_/Users/Joao/.pico-sdk/sdk/2.1.0/lib/lwip/src/core/tcp.c.obj
                0x1000b730                tcp_recv
 .text.tcp_sent
                0x1000b74c       0x1c CMakeFiles/bmp_aht_disp.dir/C_/Users/Joao/.pico-sdk/sdk/2.1.0/lib/lwip/src/core/tcp.c.obj
                0x1000b74c                tcp_sent
 .text.tcp_err  0x1000b768       0x1c CMakeFiles/bmp_aht_disp.dir/C_/Users/Joao/.pico-sdk/sdk/2.1.0/lib/lwip/src/core/tcp.c.obj
                0x1000b768                tcp_err
 .text.tcp_accept
                0x1000b784       0x10 CMakeFiles/bmp_aht_disp.dir/C_/Users/Joao/.pico-sdk/sdk/2.1.0/lib/lwip/src/core/tcp.c.obj
                0x1000b784                tcp_accept
 .text.tcp_pcb_purge
                0x1000b794       0x18 CMakeFiles/bmp_aht_disp.dir/C_/Users/Joao/.pico-sdk/sdk/2.1.0/lib/lwip/src/core/tcp.c.obj
                0x1000b794                tcp_pcb_purge
 .text.tcp_pcb_remove
                0x1000b7ac       0xc8 CMakeFiles/bmp_aht_disp.dir/C_/Users/Joao/.pico-sdk/sdk/2.1.0/lib/lwip/src/core/tcp.c.obj
                0x1000b7ac                tcp_pcb_remove
 .text.tcp_abandon
                0x1000b874      0x1a0 CMakeFiles/bmp_aht_disp.dir/C_/Users/Joao/.pico-sdk/sdk/2.1.0/lib/lwip/src/core/tcp.c.obj
                0x1000b874                tcp_abandon
 .text.tcp_abort
                0x1000ba14        0xc CMakeFiles/bmp_aht_disp.dir/C_/Users/Joao/.pico-sdk/sdk/2.1.0/lib/lwip/src/core/tcp.c.obj
                0x1000ba14                tcp_abort
 .text.tcp_accept_null
                0x1000ba20       0x20 CMakeFiles/bmp_aht_disp.dir/C_/Users/Joao/.pico-sdk/sdk/2.1.0/lib/lwip/src/core/tcp.c.obj
 .text.tcp_alloc
                0x1000ba40      0x1d4 CMakeFiles/bmp_aht_disp.dir/C_/Users/Joao/.pico-sdk/sdk/2.1.0/lib/lwip/src/core/tcp.c.obj
                0x1000ba40                tcp_alloc
 .text.tcp_new  0x1000bc14        0xc CMakeFiles/bmp_aht_disp.dir/C_/Users/Joao/.pico-sdk/sdk/2.1.0/lib/lwip/src/core/tcp.c.obj
                0x1000bc14                tcp_new
 .text.tcp_close_shutdown
                0x1000bc20      0x188 CMakeFiles/bmp_aht_disp.dir/C_/Users/Joao/.pico-sdk/sdk/2.1.0/lib/lwip/src/core/tcp.c.obj
 .text.tcp_recv_null
                0x1000bda8       0xcc CMakeFiles/bmp_aht_disp.dir/C_/Users/Joao/.pico-sdk/sdk/2.1.0/lib/lwip/src/core/tcp.c.obj
                0x1000bda8                tcp_recv_null
 .text.tcp_process_refused_data
                0x1000be74       0x78 CMakeFiles/bmp_aht_disp.dir/C_/Users/Joao/.pico-sdk/sdk/2.1.0/lib/lwip/src/core/tcp.c.obj
                0x1000be74                tcp_process_refused_data
 .text.tcp_fasttmr
                0x1000beec       0x98 CMakeFiles/bmp_aht_disp.dir/C_/Users/Joao/.pico-sdk/sdk/2.1.0/lib/lwip/src/core/tcp.c.obj
                0x1000beec                tcp_fasttmr
 .text.tcp_tmr  0x1000bf84       0x20 CMakeFiles/bmp_aht_disp.dir/C_/Users/Joao/.pico-sdk/sdk/2.1.0/lib/lwip/src/core/tcp.c.obj
                0x1000bf84                tcp_tmr
 .text.tcp_close
                0x1000bfa4      0x170 CMakeFiles/bmp_aht_disp.dir/C_/Users/Joao/.pico-sdk/sdk/2.1.0/lib/lwip/src/core/tcp.c.obj
                0x1000bfa4                tcp_close
 .text.tcp_next_iss
                0x1000c114       0x28 CMakeFiles/bmp_aht_disp.dir/C_/Users/Joao/.pico-sdk/sdk/2.1.0/lib/lwip/src/core/tcp.c.obj
                0x1000c114                tcp_next_iss
 .text.tcp_eff_send_mss_netif
                0x1000c13c       0x34 CMakeFiles/bmp_aht_disp.dir/C_/Users/Joao/.pico-sdk/sdk/2.1.0/lib/lwip/src/core/tcp.c.obj
                0x1000c13c                tcp_eff_send_mss_netif
 .text.tcp_netif_ip_addr_changed
                0x1000c170       0x94 CMakeFiles/bmp_aht_disp.dir/C_/Users/Joao/.pico-sdk/sdk/2.1.0/lib/lwip/src/core/tcp.c.obj
                0x1000c170                tcp_netif_ip_addr_changed
 .text.tcp_free_ooseq
                0x1000c204       0x40 CMakeFiles/bmp_aht_disp.dir/C_/Users/Joao/.pico-sdk/sdk/2.1.0/lib/lwip/src/core/tcp.c.obj
                0x1000c204                tcp_free_ooseq
 .text.tcp_parseopt
                0x1000c244      0x1bc CMakeFiles/bmp_aht_disp.dir/C_/Users/Joao/.pico-sdk/sdk/2.1.0/lib/lwip/src/core/tcp_in.c.obj
 .text.tcp_oos_insert_segment
                0x1000c400       0xdc CMakeFiles/bmp_aht_disp.dir/C_/Users/Joao/.pico-sdk/sdk/2.1.0/lib/lwip/src/core/tcp_in.c.obj
 .text.tcp_free_acked_segments.isra.0
                0x1000c4dc       0xdc CMakeFiles/bmp_aht_disp.dir/C_/Users/Joao/.pico-sdk/sdk/2.1.0/lib/lwip/src/core/tcp_in.c.obj
 .text.tcp_receive
                0x1000c5b8      0xa00 CMakeFiles/bmp_aht_disp.dir/C_/Users/Joao/.pico-sdk/sdk/2.1.0/lib/lwip/src/core/tcp_in.c.obj
 .text.tcp_input
                0x1000cfb8      0xe54 CMakeFiles/bmp_aht_disp.dir/C_/Users/Joao/.pico-sdk/sdk/2.1.0/lib/lwip/src/core/tcp_in.c.obj
                0x1000cfb8                tcp_input
 .text.tcp_trigger_input_pcb_close
                0x1000de0c       0x10 CMakeFiles/bmp_aht_disp.dir/C_/Users/Joao/.pico-sdk/sdk/2.1.0/lib/lwip/src/core/tcp_in.c.obj
                0x1000de0c                tcp_trigger_input_pcb_close
 .text.tcp_create_segment
                0x1000de1c       0xf8 CMakeFiles/bmp_aht_disp.dir/C_/Users/Joao/.pico-sdk/sdk/2.1.0/lib/lwip/src/core/tcp_out.c.obj
 .text.tcp_output_control_segment
                0x1000df14       0xc0 CMakeFiles/bmp_aht_disp.dir/C_/Users/Joao/.pico-sdk/sdk/2.1.0/lib/lwip/src/core/tcp_out.c.obj
 .text.tcp_output_alloc_header.constprop.0
                0x1000dfd4       0xc8 CMakeFiles/bmp_aht_disp.dir/C_/Users/Joao/.pico-sdk/sdk/2.1.0/lib/lwip/src/core/tcp_out.c.obj
 .text.tcp_write
                0x1000e09c      0x468 CMakeFiles/bmp_aht_disp.dir/C_/Users/Joao/.pico-sdk/sdk/2.1.0/lib/lwip/src/core/tcp_out.c.obj
                0x1000e09c                tcp_write
 .text.tcp_split_unsent_seg
                0x1000e504      0x1b4 CMakeFiles/bmp_aht_disp.dir/C_/Users/Joao/.pico-sdk/sdk/2.1.0/lib/lwip/src/core/tcp_out.c.obj
                0x1000e504                tcp_split_unsent_seg
 .text.tcp_send_fin
                0x1000e6b8      0x118 CMakeFiles/bmp_aht_disp.dir/C_/Users/Joao/.pico-sdk/sdk/2.1.0/lib/lwip/src/core/tcp_out.c.obj
                0x1000e6b8                tcp_send_fin
 .text.tcp_enqueue_flags
                0x1000e7d0      0x108 CMakeFiles/bmp_aht_disp.dir/C_/Users/Joao/.pico-sdk/sdk/2.1.0/lib/lwip/src/core/tcp_out.c.obj
                0x1000e7d0                tcp_enqueue_flags
 .text.tcp_rexmit_rto_prepare
                0x1000e8d8       0x9c CMakeFiles/bmp_aht_disp.dir/C_/Users/Joao/.pico-sdk/sdk/2.1.0/lib/lwip/src/core/tcp_out.c.obj
                0x1000e8d8                tcp_rexmit_rto_prepare
 .text.tcp_rexmit
                0x1000e974       0x9c CMakeFiles/bmp_aht_disp.dir/C_/Users/Joao/.pico-sdk/sdk/2.1.0/lib/lwip/src/core/tcp_out.c.obj
                0x1000e974                tcp_rexmit
 .text.tcp_rexmit_fast
                0x1000ea10       0x64 CMakeFiles/bmp_aht_disp.dir/C_/Users/Joao/.pico-sdk/sdk/2.1.0/lib/lwip/src/core/tcp_out.c.obj
                0x1000ea10                tcp_rexmit_fast
 .text.tcp_rst  0x1000ea74       0xe8 CMakeFiles/bmp_aht_disp.dir/C_/Users/Joao/.pico-sdk/sdk/2.1.0/lib/lwip/src/core/tcp_out.c.obj
                0x1000ea74                tcp_rst
 .text.tcp_rst_netif
                0x1000eb5c      0x130 CMakeFiles/bmp_aht_disp.dir/C_/Users/Joao/.pico-sdk/sdk/2.1.0/lib/lwip/src/core/tcp_out.c.obj
                0x1000eb5c                tcp_rst_netif
 .text.tcp_send_empty_ack
                0x1000ec8c       0x4c CMakeFiles/bmp_aht_disp.dir/C_/Users/Joao/.pico-sdk/sdk/2.1.0/lib/lwip/src/core/tcp_out.c.obj
                0x1000ec8c                tcp_send_empty_ack
 .text.tcp_output
                0x1000ecd8      0x454 CMakeFiles/bmp_aht_disp.dir/C_/Users/Joao/.pico-sdk/sdk/2.1.0/lib/lwip/src/core/tcp_out.c.obj
                0x1000ecd8                tcp_output
 .text.tcp_rexmit_rto_commit
                0x1000f12c       0x24 CMakeFiles/bmp_aht_disp.dir/C_/Users/Joao/.pico-sdk/sdk/2.1.0/lib/lwip/src/core/tcp_out.c.obj
                0x1000f12c                tcp_rexmit_rto_commit
 .text.tcp_rexmit_rto
                0x1000f150       0xa4 CMakeFiles/bmp_aht_disp.dir/C_/Users/Joao/.pico-sdk/sdk/2.1.0/lib/lwip/src/core/tcp_out.c.obj
                0x1000f150                tcp_rexmit_rto
 .text.tcp_keepalive
                0x1000f1f4       0xdc CMakeFiles/bmp_aht_disp.dir/C_/Users/Joao/.pico-sdk/sdk/2.1.0/lib/lwip/src/core/tcp_out.c.obj
                0x1000f1f4                tcp_keepalive
 .text.tcp_zero_window_probe
                0x1000f2d0      0x110 CMakeFiles/bmp_aht_disp.dir/C_/Users/Joao/.pico-sdk/sdk/2.1.0/lib/lwip/src/core/tcp_out.c.obj
                0x1000f2d0                tcp_zero_window_probe
 .text.tcpip_tcp_timer
                0x1000f3e0       0x78 CMakeFiles/bmp_aht_disp.dir/C_/Users/Joao/.pico-sdk/sdk/2.1.0/lib/lwip/src/core/timeouts.c.obj
 .text.lwip_cyclic_timer
                0x1000f458       0x98 CMakeFiles/bmp_aht_disp.dir/C_/Users/Joao/.pico-sdk/sdk/2.1.0/lib/lwip/src/core/timeouts.c.obj
 .text.tcp_timer_needed
                0x1000f4f0       0x7c CMakeFiles/bmp_aht_disp.dir/C_/Users/Joao/.pico-sdk/sdk/2.1.0/lib/lwip/src/core/timeouts.c.obj
                0x1000f4f0                tcp_timer_needed
 .text.sys_timeouts_init
                0x1000f56c       0x8c CMakeFiles/bmp_aht_disp.dir/C_/Users/Joao/.pico-sdk/sdk/2.1.0/lib/lwip/src/core/timeouts.c.obj
                0x1000f56c                sys_timeouts_init
 .text.sys_check_timeouts
                0x1000f5f8       0x68 CMakeFiles/bmp_aht_disp.dir/C_/Users/Joao/.pico-sdk/sdk/2.1.0/lib/lwip/src/core/timeouts.c.obj
                0x1000f5f8                sys_check_timeouts
 .text.sys_timeouts_sleeptime
                0x1000f660       0x28 CMakeFiles/bmp_aht_disp.dir/C_/Users/Joao/.pico-sdk/sdk/2.1.0/lib/lwip/src/core/timeouts.c.obj
                0x1000f660                sys_timeouts_sleeptime
 .text.udp_init
                0x1000f688       0x20 CMakeFiles/bmp_aht_disp.dir/C_/Users/Joao/.pico-sdk/sdk/2.1.0/lib/lwip/src/core/udp.c.obj
                0x1000f688                udp_init
 .text.udp_input
                0x1000f6a8      0x320 CMakeFiles/bmp_aht_disp.dir/C_/Users/Joao/.pico-sdk/sdk/2.1.0/lib/lwip/src/core/udp.c.obj
                0x1000f6a8                udp_input
 .text.udp_bind
                0x1000f9c8      0x118 CMakeFiles/bmp_aht_disp.dir/C_/Users/Joao/.pico-sdk/sdk/2.1.0/lib/lwip/src/core/udp.c.obj
                0x1000f9c8                udp_bind
 .text.udp_sendto_if_src
                0x1000fae0      0x130 CMakeFiles/bmp_aht_disp.dir/C_/Users/Joao/.pico-sdk/sdk/2.1.0/lib/lwip/src/core/udp.c.obj
                0x1000fae0                udp_sendto_if_src
 .text.udp_sendto_if
                0x1000fc10       0x48 CMakeFiles/bmp_aht_disp.dir/C_/Users/Joao/.pico-sdk/sdk/2.1.0/lib/lwip/src/core/udp.c.obj
                0x1000fc10                udp_sendto_if
 .text.udp_sendto